../Core/Src/main.c:140:5:main	24	static
../Core/Src/main.c:233:6:SystemClock_Config	88	static
../Core/Src/main.c:281:13:MX_ADC1_Init	24	static
../Core/Src/main.c:328:13:MX_CRC_Init	8	static
../Core/Src/main.c:354:13:MX_I2C1_Init	8	static
../Core/Src/main.c:388:13:MX_IWDG_Init	8	static
../Core/Src/main.c:416:13:MX_SPI1_Init	8	static
../Core/Src/main.c:454:13:MX_USART1_UART_Init	8	static
../Core/Src/main.c:487:13:MX_USART2_UART_Init	8	static
../Core/Src/main.c:520:13:MX_USART3_UART_Init	8	static
../Core/Src/main.c:553:13:MX_GPIO_Init	40	static
../Core/Src/main.c:585:6:HAL_UART_RxCpltCallback	16	static
../Core/Src/main.c:615:6:HAL_SPI_TxCpltCallback	16	static
../Core/Src/main.c:619:6:HAL_SPI_RxCpltCallback	16	static
../Core/Src/main.c:623:9:executeServerCmd	32	static
../Core/Src/main.c:731:6:print_parameters	24	static
../Core/Src/main.c:759:6:printStatus	40	static
../Core/Src/main.c:861:6:printLoRaStatus	32	static
../Core/Src/main.c:924:6:clearRx	16	static
../Core/Src/main.c:929:6:transmitRdssQuery	24	static
../Core/Src/main.c:947:6:processServerCmd	32	static
../Core/Src/main.c:963:6:processUartRx	24	static
../Core/Src/main.c:983:5:isEnumValue	16	static
../Core/Src/main.c:1019:6:masterProcessRdss	24	static
../Core/Src/main.c:1065:6:masterProcessLoRaRx	40	static
../Core/Src/main.c:1154:10:enableKeepAliveLed	16	static
../Core/Src/main.c:1164:6:configureADC	4	static
../Core/Src/main.c:1182:6:calibrateADC	4	static
../Core/Src/main.c:1191:6:configureGPIO	4	static
../Core/Src/main.c:1200:6:startADCConversion	16	static
../Core/Src/main.c:1214:10:readADCChannel	24	static
../Core/Src/main.c:1228:6:updateMasterStatus	32	static
../Core/Src/main.c:1257:6:Error_Handler	4	static,ignoring_inline_asm
