../Core/Src/uart1.c:24:6:uart1_gpio_init	0	static
../Core/Src/uart1.c:53:6:uart1Init	0	static
../Core/Src/uart1.c:86:6:writeTxReg	0	static
../Core/Src/uart1.c:99:6:uart1_read	20	static
../Core/Src/uart1.c:125:9:readRxReg	8	static
../Core/Src/uart1.c:139:6:readRx	8	static
../Core/Src/uart1.c:147:6:writeTxStr	16	static
../Core/Src/uart1.c:152:6:writeTxBuffer	16	static
../Core/Src/uart1.c:160:6:writeTx	0	static
../Core/Src/uart1.c:164:6:cleanRx	8	static
../Core/Src/uart1.c:170:6:cleanTx	0	static
../Core/Src/uart1.c:10:9:cleanByTimeout	16	static
