../Core/Src/SX1278.c:11:9:readRegister	24	static
../Core/Src/SX1278.c:22:6:writeRegister	40	static
../Core/Src/SX1278.c:39:6:writeRegister2	56	static
../Core/Src/SX1278.c:73:9:readRegister2	24	static
../Core/Src/SX1278.c:91:6:setRFFrequencyReg	40	static
../Core/Src/SX1278.c:101:6:setOutputPower	16	static
../Core/Src/SX1278.c:105:6:setLORAWAN	16	static
../Core/Src/SX1278.c:109:6:setOvercurrentProtect	16	static
../Core/Src/SX1278.c:113:6:setLNAGain	16	static
../Core/Src/SX1278.c:117:6:setPreambleParameters	16	static
../Core/Src/SX1278.c:127:6:setReModemConfig	24	static
../Core/Src/SX1278.c:141:6:setDetectionParametersReg	24	static
../Core/Src/SX1278.c:151:6:readOperatingMode	16	static
../Core/Src/SX1278.c:156:6:setLoRaLowFreqModeReg	24	static
../Core/Src/SX1278.c:162:6:clearIrqFlagsReg	24	static
../Core/Src/SX1278.c:167:6:writeLoRaParametersReg	16	static
../Core/Src/SX1278.c:192:6:changeMode	24	static
../Core/Src/SX1278.c:224:6:initLoRaParameters	16	static
../Core/Src/SX1278.c:238:6:sx1278Reset	8	static
../Core/Src/SX1278.c:246:6:waitForTxEnd	24	static
../Core/Src/SX1278.c:268:9:waitForRxDone2	24	static
../Core/Src/SX1278.c:283:9:waitForRxDone	24	static
../Core/Src/SX1278.c:300:5:crcErrorActivation	24	static
../Core/Src/SX1278.c:310:6:getRxFifoData	24	static
../Core/Src/SX1278.c:324:9:setTxFifoAddr	24	static
../Core/Src/SX1278.c:335:6:setRxFifoAddr	24	static
../Core/Src/SX1278.c:344:9:setTxFifoData	24	static
../Core/Src/SX1278.c:356:9:setTxFifoDataOld	24	static
../Core/Src/SX1278.c:373:6:receive	16	static
../Core/Src/SX1278.c:381:6:transmit	16	static
../Core/Src/SX1278.c:387:6:validateSettings	16	static
../Core/Src/SX1278.c:410:6:HAL_readLoRaSettings	16	static
../Core/Src/SX1278.c:433:11:loRaInit	24	static
../Core/Src/SX1278.c:459:6:configureLoRaRx	16	static
