../Core/Src/main.c:141:5:main	24	static
../Core/Src/main.c:234:6:SystemClock_Config	88	static
../Core/Src/main.c:282:13:MX_ADC1_Init	24	static
../Core/Src/main.c:357:13:MX_CRC_Init	8	static
../Core/Src/main.c:383:13:MX_I2C1_Init	8	static
../Core/Src/main.c:417:13:MX_IWDG_Init	8	static
../Core/Src/main.c:445:13:MX_SPI1_Init	8	static
../Core/Src/main.c:483:13:MX_USART1_UART_Init	8	static
../Core/Src/main.c:516:13:MX_USART2_UART_Init	8	static
../Core/Src/main.c:549:13:MX_USART3_UART_Init	8	static
../Core/Src/main.c:582:13:MX_GPIO_Init	40	static
../Core/Src/main.c:614:6:HAL_UART_RxCpltCallback	16	static
../Core/Src/main.c:647:6:HAL_SPI_TxCpltCallback	16	static
../Core/Src/main.c:651:6:HAL_SPI_RxCpltCallback	16	static
../Core/Src/main.c:655:9:executeServerCmd	32	static
../Core/Src/main.c:763:6:print_parameters	24	static
../Core/Src/main.c:791:6:printStatus	40	static
../Core/Src/main.c:893:6:printLoRaStatus	32	static
../Core/Src/main.c:956:6:clearRx	16	static
../Core/Src/main.c:961:6:transmitRdssQuery	24	static
../Core/Src/main.c:977:6:processServerCmd	32	static
../Core/Src/main.c:993:6:processUartRx	24	static
../Core/Src/main.c:1014:5:isEnumValue	16	static
../Core/Src/main.c:1049:6:masterProcessRdss	24	static
../Core/Src/main.c:1102:6:masterProcessLoRaRx	32	static
../Core/Src/main.c:1151:10:enableKeepAliveLed	16	static
../Core/Src/main.c:1161:6:configureADC	4	static
../Core/Src/main.c:1179:6:calibrateADC	4	static
../Core/Src/main.c:1188:6:configureGPIO	4	static
../Core/Src/main.c:1197:6:startADCConversion	16	static
../Core/Src/main.c:1211:10:readADCChannel	24	static
../Core/Src/main.c:1225:6:updateMasterStatus	32	static
../Core/Src/main.c:1254:6:Error_Handler	4	static,ignoring_inline_asm
