../Drivers/CMSIS/Include/core_cm3.h:1511:22:__NVIC_EnableIRQ	16	static
../Core/Src/module.c:3:6:pa_init	16	static
../Core/Src/module.c:20:6:toneUhfInit	16	static
../Core/Src/module.c:29:9:vladInit	24	static
../Core/Src/module.c:67:11:serverInit	24	static
../Core/Src/module.c:82:9:encodeVladToLtel	32	static
../Core/Src/module.c:111:6:module_init	16	static
../Core/Src/module.c:115:6:pa_sample_timer3_init	8	static
../Core/Src/module.c:132:6:module_pa_state_update	16	static
../Core/Src/module.c:148:9:decodeVladMeasurements	48	static
