../Core/Src/main.c:138:5:main	24	static
../Core/Src/main.c:225:6:SystemClock_Config	88	static
../Core/Src/main.c:273:13:MX_ADC1_Init	24	static
../Core/Src/main.c:348:13:MX_CRC_Init	8	static
../Core/Src/main.c:374:13:MX_I2C1_Init	8	static
../Core/Src/main.c:408:13:MX_IWDG_Init	8	static
../Core/Src/main.c:436:13:MX_SPI1_Init	8	static
../Core/Src/main.c:474:13:MX_USART1_UART_Init	8	static
../Core/Src/main.c:507:13:MX_USART2_UART_Init	8	static
../Core/Src/main.c:540:13:MX_USART3_UART_Init	8	static
../Core/Src/main.c:573:13:MX_GPIO_Init	40	static
../Core/Src/main.c:605:6:HAL_UART_RxCpltCallback	16	static
../Core/Src/main.c:617:6:HAL_SPI_TxCpltCallback	16	static
../Core/Src/main.c:621:6:HAL_SPI_RxCpltCallback	16	static
../Core/Src/main.c:625:9:executeServerCmd	32	static
../Core/Src/main.c:733:6:print_parameters	24	static
../Core/Src/main.c:761:6:printStatus	40	static
../Core/Src/main.c:863:6:printLoRaStatus	32	static
../Core/Src/main.c:926:6:clearRx	16	static
../Core/Src/main.c:931:6:transmitRdssQuery	24	static
../Core/Src/main.c:948:6:processServerCmd	32	static
../Core/Src/main.c:964:6:processUart1Rx	24	static
../Core/Src/main.c:984:5:isEnumValue	16	static
../Core/Src/main.c:1019:6:masterProcessRdss	24	static
../Core/Src/main.c:1064:6:masterProcessLoRaRx	32	static
../Core/Src/main.c:1095:10:enableKeepAliveLed	16	static
../Core/Src/main.c:1105:6:configureADC	4	static
../Core/Src/main.c:1123:6:calibrateADC	4	static
../Core/Src/main.c:1132:6:configureGPIO	4	static
../Core/Src/main.c:1141:6:startADCConversion	16	static
../Core/Src/main.c:1155:10:readADCChannel	24	static
../Core/Src/main.c:1169:6:updateMasterStatus	32	static
../Core/Src/main.c:1198:6:Error_Handler	4	static,ignoring_inline_asm
