../Core/Src/rs485.c:9:9:rdssInit	8	static
../Core/Src/rs485.c:22:6:rdssReinit	0	static
../Core/Src/rs485.c:42:15:checkModuleValidity	0	static
../Core/Src/rs485.c:52:15:checkFrameValidity	0	static
../Core/Src/rs485.c:75:10:crc_get	12	static
../Core/Src/rs485.c:31:15:rs485_check_CRC_module	8	static
../Core/Src/rs485.c:67:15:checkCRCValidity	8	static
../Core/Src/rs485.c:96:15:validate	8	static
../Core/Src/rs485.c:109:6:encodeVlad	40	static
../Core/Src/rs485.c:133:9:setCrc	16	static
../Core/Src/rs485.c:143:9:setRdssStartData	0	static
../Core/Src/rs485.c:157:5:freqDecode	8	static
../Core/Src/rs485.c:169:6:freqEncode	8	static
../Core/Src/rs485.c:175:6:updateRdss	0	static
