../Core/Src/main.c:225:6:SystemClock_Config	88	static,ignoring_inline_asm
../Core/Src/main.c:605:6:HAL_UART_RxCpltCallback	8	static
../Core/Src/main.c:617:6:HAL_SPI_TxCpltCallback	0	static
../Core/Src/main.c:621:6:HAL_SPI_RxCpltCallback	0	static
../Core/Src/main.c:625:9:executeServerCmd	24	static
../Core/Src/main.c:733:6:print_parameters	16	static
../Core/Src/main.c:761:6:printStatus	40	static
../Core/Src/main.c:863:6:printLoRaStatus	32	static
../Core/Src/main.c:926:6:clearRx	8	static
../Core/Src/main.c:931:6:transmitRdssQuery	16	static
../Core/Src/main.c:947:6:processServerCmd	24	static
../Core/Src/main.c:963:6:processUart1Rx	24	static
../Core/Src/main.c:983:5:isEnumValue	0	static
../Core/Src/main.c:1018:6:masterProcessRdss	24	static
../Core/Src/main.c:1063:6:masterProcessLoRaRx	32	static
../Core/Src/main.c:1094:10:enableKeepAliveLed	8	static
../Core/Src/main.c:1104:6:configureADC	0	static
../Core/Src/main.c:1122:6:calibrateADC	0	static
../Core/Src/main.c:1131:6:configureGPIO	0	static
../Core/Src/main.c:1140:6:startADCConversion	0	static
../Core/Src/main.c:1154:10:readADCChannel	8	static
../Core/Src/main.c:1168:6:updateMasterStatus	16	static
../Core/Src/main.c:138:5:main	72	static,ignoring_inline_asm
../Core/Src/main.c:1197:6:Error_Handler	0	static,ignoring_inline_asm
