Archive member included to satisfy reference by file (symbol)

C:/ST/STM32CubeIDE_1.14.0/STM32CubeIDE/plugins/com.st.stm32cube.ide.mcu.externaltools.gnu-tools-for-stm32.11.3.rel1.win32_1.1.100.202309141235/tools/bin/../lib/gcc/arm-none-eabi/11.3.1/../../../../arm-none-eabi/lib/thumb/v7-m/nofp\libc_nano.a(libc_a-exit.o)
                              C:/ST/STM32CubeIDE_1.14.0/STM32CubeIDE/plugins/com.st.stm32cube.ide.mcu.externaltools.gnu-tools-for-stm32.11.3.rel1.win32_1.1.100.202309141235/tools/bin/../lib/gcc/arm-none-eabi/11.3.1/../../../../arm-none-eabi/lib/thumb/v7-m/nofp/crt0.o (exit)
C:/ST/STM32CubeIDE_1.14.0/STM32CubeIDE/plugins/com.st.stm32cube.ide.mcu.externaltools.gnu-tools-for-stm32.11.3.rel1.win32_1.1.100.202309141235/tools/bin/../lib/gcc/arm-none-eabi/11.3.1/../../../../arm-none-eabi/lib/thumb/v7-m/nofp\libc_nano.a(libc_a-malloc.o)
                              ./Core/Src/SX1278.o (malloc)
C:/ST/STM32CubeIDE_1.14.0/STM32CubeIDE/plugins/com.st.stm32cube.ide.mcu.externaltools.gnu-tools-for-stm32.11.3.rel1.win32_1.1.100.202309141235/tools/bin/../lib/gcc/arm-none-eabi/11.3.1/../../../../arm-none-eabi/lib/thumb/v7-m/nofp\libc_nano.a(libc_a-mallocr.o)
                              C:/ST/STM32CubeIDE_1.14.0/STM32CubeIDE/plugins/com.st.stm32cube.ide.mcu.externaltools.gnu-tools-for-stm32.11.3.rel1.win32_1.1.100.202309141235/tools/bin/../lib/gcc/arm-none-eabi/11.3.1/../../../../arm-none-eabi/lib/thumb/v7-m/nofp\libc_nano.a(libc_a-malloc.o) (_malloc_r)
C:/ST/STM32CubeIDE_1.14.0/STM32CubeIDE/plugins/com.st.stm32cube.ide.mcu.externaltools.gnu-tools-for-stm32.11.3.rel1.win32_1.1.100.202309141235/tools/bin/../lib/gcc/arm-none-eabi/11.3.1/../../../../arm-none-eabi/lib/thumb/v7-m/nofp\libc_nano.a(libc_a-mlock.o)
                              C:/ST/STM32CubeIDE_1.14.0/STM32CubeIDE/plugins/com.st.stm32cube.ide.mcu.externaltools.gnu-tools-for-stm32.11.3.rel1.win32_1.1.100.202309141235/tools/bin/../lib/gcc/arm-none-eabi/11.3.1/../../../../arm-none-eabi/lib/thumb/v7-m/nofp\libc_nano.a(libc_a-mallocr.o) (__malloc_lock)
C:/ST/STM32CubeIDE_1.14.0/STM32CubeIDE/plugins/com.st.stm32cube.ide.mcu.externaltools.gnu-tools-for-stm32.11.3.rel1.win32_1.1.100.202309141235/tools/bin/../lib/gcc/arm-none-eabi/11.3.1/../../../../arm-none-eabi/lib/thumb/v7-m/nofp\libc_nano.a(libc_a-rand.o)
                              ./Core/Src/rs485.o (rand)
C:/ST/STM32CubeIDE_1.14.0/STM32CubeIDE/plugins/com.st.stm32cube.ide.mcu.externaltools.gnu-tools-for-stm32.11.3.rel1.win32_1.1.100.202309141235/tools/bin/../lib/gcc/arm-none-eabi/11.3.1/../../../../arm-none-eabi/lib/thumb/v7-m/nofp\libc_nano.a(libc_a-findfp.o)
                              C:/ST/STM32CubeIDE_1.14.0/STM32CubeIDE/plugins/com.st.stm32cube.ide.mcu.externaltools.gnu-tools-for-stm32.11.3.rel1.win32_1.1.100.202309141235/tools/bin/../lib/gcc/arm-none-eabi/11.3.1/../../../../arm-none-eabi/lib/thumb/v7-m/nofp\libc_nano.a(libc_a-exit.o) (__stdio_exit_handler)
C:/ST/STM32CubeIDE_1.14.0/STM32CubeIDE/plugins/com.st.stm32cube.ide.mcu.externaltools.gnu-tools-for-stm32.11.3.rel1.win32_1.1.100.202309141235/tools/bin/../lib/gcc/arm-none-eabi/11.3.1/../../../../arm-none-eabi/lib/thumb/v7-m/nofp\libc_nano.a(libc_a-fwalk.o)
                              C:/ST/STM32CubeIDE_1.14.0/STM32CubeIDE/plugins/com.st.stm32cube.ide.mcu.externaltools.gnu-tools-for-stm32.11.3.rel1.win32_1.1.100.202309141235/tools/bin/../lib/gcc/arm-none-eabi/11.3.1/../../../../arm-none-eabi/lib/thumb/v7-m/nofp\libc_nano.a(libc_a-findfp.o) (_fwalk_sglue)
C:/ST/STM32CubeIDE_1.14.0/STM32CubeIDE/plugins/com.st.stm32cube.ide.mcu.externaltools.gnu-tools-for-stm32.11.3.rel1.win32_1.1.100.202309141235/tools/bin/../lib/gcc/arm-none-eabi/11.3.1/../../../../arm-none-eabi/lib/thumb/v7-m/nofp\libc_nano.a(libc_a-printf.o)
                              ./Core/Src/main.o (printf)
C:/ST/STM32CubeIDE_1.14.0/STM32CubeIDE/plugins/com.st.stm32cube.ide.mcu.externaltools.gnu-tools-for-stm32.11.3.rel1.win32_1.1.100.202309141235/tools/bin/../lib/gcc/arm-none-eabi/11.3.1/../../../../arm-none-eabi/lib/thumb/v7-m/nofp\libc_nano.a(libc_a-sprintf.o)
                              ./Core/Src/main.o (sprintf)
C:/ST/STM32CubeIDE_1.14.0/STM32CubeIDE/plugins/com.st.stm32cube.ide.mcu.externaltools.gnu-tools-for-stm32.11.3.rel1.win32_1.1.100.202309141235/tools/bin/../lib/gcc/arm-none-eabi/11.3.1/../../../../arm-none-eabi/lib/thumb/v7-m/nofp\libc_nano.a(libc_a-stdio.o)
                              C:/ST/STM32CubeIDE_1.14.0/STM32CubeIDE/plugins/com.st.stm32cube.ide.mcu.externaltools.gnu-tools-for-stm32.11.3.rel1.win32_1.1.100.202309141235/tools/bin/../lib/gcc/arm-none-eabi/11.3.1/../../../../arm-none-eabi/lib/thumb/v7-m/nofp\libc_nano.a(libc_a-findfp.o) (__sread)
C:/ST/STM32CubeIDE_1.14.0/STM32CubeIDE/plugins/com.st.stm32cube.ide.mcu.externaltools.gnu-tools-for-stm32.11.3.rel1.win32_1.1.100.202309141235/tools/bin/../lib/gcc/arm-none-eabi/11.3.1/../../../../arm-none-eabi/lib/thumb/v7-m/nofp\libc_nano.a(libc_a-memset.o)
[...]
Memory Configuration

Name             Origin             Length             Attributes
RAM              0x0000000020000000 0x0000000000005000 xrw
FLASH            0x0000000008000000 0x0000000000010000 xr
*default*        0x0000000000000000 0xffffffffffffffff

Linker script and memory map

LOAD C:/ST/STM32CubeIDE_1.14.0/STM32CubeIDE/plugins/com.st.stm32cube.ide.mcu.externaltools.gnu-tools-for-stm32.11.3.rel1.win32_1.1.100.202309141235/tools/bin/../lib/gcc/arm-none-eabi/11.3.1/thumb/v7-m/nofp/crti.o
LOAD C:/ST/STM32CubeIDE_1.14.0/STM32CubeIDE/plugins/com.st.stm32cube.ide.mcu.externaltools.gnu-tools-for-stm32.11.3.rel1.win32_1.1.100.202309141235/tools/bin/../lib/gcc/arm-none-eabi/11.3.1/thumb/v7-m/nofp/crtbegin.o
LOAD C:/ST/STM32CubeIDE_1.14.0/STM32CubeIDE/plugins/com.st.stm32cube.ide.mcu.externaltools.gnu-tools-for-stm32.11.3.rel1.win32_1.1.100.202309141235/tools/bin/../lib/gcc/arm-none-eabi/11.3.1/../../../../arm-none-eabi/lib/thumb/v7-m/nofp/crt0.o
LOAD ./Core/Src/SX1278.o
LOAD ./Core/Src/SX1278_hw.o
LOAD ./Core/Src/eeprom.o
LOAD ./Core/Src/led.o
LOAD ./Core/Src/lm75.o
LOAD ./Core/Src/main.o
LOAD ./Core/Src/module.o
LOAD ./Core/Src/rs485.o
LOAD ./Core/Src/stm32f1xx_hal_msp.o
LOAD ./Core/Src/stm32f1xx_it.o
LOAD ./Core/Src/syscalls.o
LOAD ./Core/Src/sysmem.o
LOAD ./Core/Src/system_stm32f1xx.o
LOAD ./Core/Src/uart1.o
LOAD ./Core/Startup/startup_stm32f103c8tx.o
LOAD ./Drivers/STM32F1xx_HAL_Driver/Src/stm32f1xx_hal.o
LOAD ./Drivers/STM32F1xx_HAL_Driver/Src/stm32f1xx_hal_adc.o
LOAD ./Drivers/STM32F1xx_HAL_Driver/Src/stm32f1xx_hal_adc_ex.o
LOAD ./Drivers/STM32F1xx_HAL_Driver/Src/stm32f1xx_hal_cortex.o
LOAD ./Drivers/STM32F1xx_HAL_Driver/Src/stm32f1xx_hal_crc.o
LOAD ./Drivers/STM32F1xx_HAL_Driver/Src/stm32f1xx_hal_dma.o
LOAD ./Drivers/STM32F1xx_HAL_Driver/Src/stm32f1xx_hal_exti.o
LOAD ./Drivers/STM32F1xx_HAL_Driver/Src/stm32f1xx_hal_flash.o
LOAD ./Drivers/STM32F1xx_HAL_Driver/Src/stm32f1xx_hal_flash_ex.o
LOAD ./Drivers/STM32F1xx_HAL_Driver/Src/stm32f1xx_hal_gpio.o
LOAD ./Drivers/STM32F1xx_HAL_Driver/Src/stm32f1xx_hal_gpio_ex.o
LOAD ./Drivers/STM32F1xx_HAL_Driver/Src/stm32f1xx_hal_i2c.o
LOAD ./Drivers/STM32F1xx_HAL_Driver/Src/stm32f1xx_hal_iwdg.o
LOAD ./Drivers/STM32F1xx_HAL_Driver/Src/stm32f1xx_hal_pwr.o
LOAD ./Drivers/STM32F1xx_HAL_Driver/Src/stm32f1xx_hal_rcc.o
LOAD ./Drivers/STM32F1xx_HAL_Driver/Src/stm32f1xx_hal_rcc_ex.o
LOAD ./Drivers/STM32F1xx_HAL_Driver/Src/stm32f1xx_hal_spi.o
LOAD ./Drivers/STM32F1xx_HAL_Driver/Src/stm32f1xx_hal_tim.o
LOAD ./Drivers/STM32F1xx_HAL_Driver/Src/stm32f1xx_hal_tim_ex.o
LOAD ./Drivers/STM32F1xx_HAL_Driver/Src/stm32f1xx_hal_uart.o
START GROUP
LOAD C:/ST/STM32CubeIDE_1.14.0/STM32CubeIDE/plugins/com.st.stm32cube.ide.mcu.externaltools.gnu-tools-for-stm32.11.3.rel1.win32_1.1.100.202309141235/tools/bin/../lib/gcc/arm-none-eabi/11.3.1/../../../../arm-none-eabi/lib/thumb/v7-m/nofp\libc_nano.a
LOAD C:/ST/STM32CubeIDE_1.14.0/STM32CubeIDE/plugins/com.st.stm32cube.ide.mcu.externaltools.gnu-tools-for-stm32.11.3.rel1.win32_1.1.100.202309141235/tools/bin/../lib/gcc/arm-none-eabi/11.3.1/../../../../arm-none-eabi/lib/thumb/v7-m/nofp\libm.a
END GROUP
START GROUP
LOAD C:/ST/STM32CubeIDE_1.14.0/STM32CubeIDE/plugins/com.st.stm32cube.ide.mcu.externaltools.gnu-tools-for-stm32.11.3.rel1.win32_1.1.100.202309141235/tools/bin/../lib/gcc/arm-none-eabi/11.3.1/thumb/v7-m/nofp\libgcc.a
LOAD C:/ST/STM32CubeIDE_1.14.0/STM32CubeIDE/plugins/com.st.stm32cube.ide.mcu.externaltools.gnu-tools-for-stm32.11.3.rel1.win32_1.1.100.202309141235/tools/bin/../lib/gcc/arm-none-eabi/11.3.1/../../../../arm-none-eabi/lib/thumb/v7-m/nofp\libc_nano.a
END GROUP
START GROUP
LOAD C:/ST/STM32CubeIDE_1.14.0/STM32CubeIDE/plugins/com.st.stm32cube.ide.mcu.externaltools.gnu-tools-for-stm32.11.3.rel1.win32_1.1.100.202309141235/tools/bin/../lib/gcc/arm-none-eabi/11.3.1/thumb/v7-m/nofp\libgcc.a
LOAD C:/ST/STM32CubeIDE_1.14.0/STM32CubeIDE/plugins/com.st.stm32cube.ide.mcu.externaltools.gnu-tools-for-stm32.11.3.rel1.win32_1.1.100.202309141235/tools/bin/../lib/gcc/arm-none-eabi/11.3.1/../../../../arm-none-eabi/lib/thumb/v7-m/nofp\libc_nano.a
LOAD C:/ST/STM32CubeIDE_1.14.0/STM32CubeIDE/plugins/com.st.stm32cube.ide.mcu.externaltools.gnu-tools-for-stm32.11.3.rel1.win32_1.1.100.202309141235/tools/bin/../lib/gcc/arm-none-eabi/11.3.1/../../../../arm-none-eabi/lib/thumb/v7-m/nofp\libnosys.a
END GROUP
START GROUP
LOAD C:/ST/STM32CubeIDE_1.14.0/STM32CubeIDE/plugins/com.st.stm32cube.ide.mcu.externaltools.gnu-tools-for-stm32.11.3.rel1.win32_1.1.100.202309141235/tools/bin/../lib/gcc/arm-none-eabi/11.3.1/thumb/v7-m/nofp\libgcc.a
LOAD C:/ST/STM32CubeIDE_1.14.0/STM32CubeIDE/plugins/com.st.stm32cube.ide.mcu.externaltools.gnu-tools-for-stm32.11.3.rel1.win32_1.1.100.202309141235/tools/bin/../lib/gcc/arm-none-eabi/11.3.1/../../../../arm-none-eabi/lib/thumb/v7-m/nofp\libc_nano.a
LOAD C:/ST/STM32CubeIDE_1.14.0/STM32CubeIDE/plugins/com.st.stm32cube.ide.mcu.externaltools.gnu-tools-for-stm32.11.3.rel1.win32_1.1.100.202309141235/tools/bin/../lib/gcc/arm-none-eabi/11.3.1/../../../../arm-none-eabi/lib/thumb/v7-m/nofp\libnosys.a
END GROUP
LOAD C:/ST/STM32CubeIDE_1.14.0/STM32CubeIDE/plugins/com.st.stm32cube.ide.mcu.externaltools.gnu-tools-for-stm32.11.3.rel1.win32_1.1.100.202309141235/tools/bin/../lib/gcc/arm-none-eabi/11.3.1/thumb/v7-m/nofp/crtend.o
LOAD C:/ST/STM32CubeIDE_1.14.0/STM32CubeIDE/plugins/com.st.stm32cube.ide.mcu.externaltools.gnu-tools-for-stm32.11.3.rel1.win32_1.1.100.202309141235/tools/bin/../lib/gcc/arm-none-eabi/11.3.1/thumb/v7-m/nofp/crtn.o
                0x0000000020005000                _estack = (ORIGIN (RAM) + LENGTH (RAM))
                0x0000000000000200                _Min_Heap_Size = 0x200
                0x0000000000000400                _Min_Stack_Size = 0x400

.isr_vector     0x0000000008000000      0x10c
                0x0000000008000000                . = ALIGN (0x4)
 *(.isr_vector)
 .isr_vector    0x0000000008000000      0x10c ./Core/Startup/startup_stm32f103c8tx.o
                0x0000000008000000                g_pfnVectors
                0x000000000800010c                . = ALIGN (0x4)

.text           0x000000000800010c     0x7400
                0x000000000800010c                . = ALIGN (0x4)
 *(.text)
 .text          0x000000000800010c       0x40 C:/ST/STM32CubeIDE_1.14.0/STM32CubeIDE/plugins/com.st.stm32cube.ide.mcu.externaltools.gnu-tools-for-stm32.11.3.rel1.win32_1.1.100.202309141235/tools/bin/../lib/gcc/arm-none-eabi/11.3.1/thumb/v7-m/nofp/crtbegin.o
 .text          0x000000000800014c      0x21c C:/ST/STM32CubeIDE_1.14.0/STM32CubeIDE/plugins/com.st.stm32cube.ide.mcu.externaltools.gnu-tools-for-stm32.11.3.rel1.win32_1.1.100.202309141235/tools/bin/../lib/gcc/arm-none-eabi/11.3.1/thumb/v7-m/nofp\libgcc.a(_arm_addsubsf3.o)
                0x000000000800014c                __aeabi_frsub
                0x0000000008000154                __subsf3
                0x0000000008000154                __aeabi_fsub
                0x0000000008000158                __aeabi_fadd
                0x0000000008000158                __addsf3
                0x00000000080002b8                __aeabi_ui2f
                0x00000000080002b8                __floatunsisf
                0x00000000080002c0                __aeabi_i2f
                0x00000000080002c0                __floatsisf
                0x00000000080002dc                __aeabi_ul2f
                0x00000000080002dc                __floatundisf
                0x00000000080002ec                __aeabi_l2f
                0x00000000080002ec                __floatdisf
 .text          0x0000000008000368      0x2a0 C:/ST/STM32CubeIDE_1.14.0/STM32CubeIDE/plugins/com.st.stm32cube.ide.mcu.externaltools.gnu-tools-for-stm32.11.3.rel1.win32_1.1.100.202309141235/tools/bin/../lib/gcc/arm-none-eabi/11.3.1/thumb/v7-m/nofp\libgcc.a(_arm_muldivsf3.o)
                0x0000000008000368                __mulsf3
                0x0000000008000368                __aeabi_fmul
                0x00000000080004d0                __aeabi_fdiv
                0x00000000080004d0                __divsf3
 .text          0x0000000008000608       0x4c C:/ST/STM32CubeIDE_1.14.0/STM32CubeIDE/plugins/com.st.stm32cube.ide.mcu.externaltools.gnu-tools-for-stm32.11.3.rel1.win32_1.1.100.202309141235/tools/bin/../lib/gcc/arm-none-eabi/11.3.1/thumb/v7-m/nofp\libgcc.a(_arm_fixsfsi.o)
                0x0000000008000608                __aeabi_f2iz
                0x0000000008000608                __fixsfsi
 .text          0x0000000008000654       0x40 C:/ST/STM32CubeIDE_1.14.0/STM32CubeIDE/plugins/com.st.stm32cube.ide.mcu.externaltools.gnu-tools-for-stm32.11.3.rel1.win32_1.1.100.202309141235/tools/bin/../lib/gcc/arm-none-eabi/11.3.1/thumb/v7-m/nofp\libgcc.a(_arm_fixunssfsi.o)
                0x0000000008000654                __fixunssfsi
                0x0000000008000654                __aeabi_f2uiz
 .text          0x0000000008000694       0x30 C:/ST/STM32CubeIDE_1.14.0/STM32CubeIDE/plugins/com.st.stm32cube.ide.mcu.externaltools.gnu-tools-for-stm32.11.3.rel1.win32_1.1.100.202309141235/tools/bin/../lib/gcc/arm-none-eabi/11.3.1/thumb/v7-m/nofp\libgcc.a(_aeabi_uldivmod.o)
                0x0000000008000694                __aeabi_uldivmod
 .text          0x00000000080006c4      0x2cc C:/ST/STM32CubeIDE_1.14.0/STM32CubeIDE/plugins/com.st.stm32cube.ide.mcu.externaltools.gnu-tools-for-stm32.11.3.rel1.win32_1.1.100.202309141235/tools/bin/../lib/gcc/arm-none-eabi/11.3.1/thumb/v7-m/nofp\libgcc.a(_udivmoddi4.o)
                0x00000000080006c4                __udivmoddi4
 .text          0x0000000008000990        0x4 C:/ST/STM32CubeIDE_1.14.0/STM32CubeIDE/plugins/com.st.stm32cube.ide.mcu.externaltools.gnu-tools-for-stm32.11.3.rel1.win32_1.1.100.202309141235/tools/bin/../lib/gcc/arm-none-eabi/11.3.1/thumb/v7-m/nofp\libgcc.a(_dvmd_tls.o)
                0x0000000008000990                __aeabi_idiv0
                0x0000000008000990                __aeabi_ldiv0
 *(.text*)
 .text.readRegister
                0x0000000008000994       0x58 ./Core/Src/SX1278.o
                0x0000000008000994                readRegister
 .text.writeRegister
                0x00000000080009ec       0x98 ./Core/Src/SX1278.o
                0x00000000080009ec                writeRegister
 .text.setRFFrequencyReg
                0x0000000008000a84       0x80 ./Core/Src/SX1278.o
                0x0000000008000a84                setRFFrequencyReg
 .text.setOutputPower
                0x0000000008000b04       0x24 ./Core/Src/SX1278.o
                0x0000000008000b04                setOutputPower
 .text.setOvercurrentProtect
                0x0000000008000b28       0x24 ./Core/Src/SX1278.o
                0x0000000008000b28                setOvercurrentProtect
 .text.setPreambleParameters
                0x0000000008000b4c       0x4c ./Core/Src/SX1278.o
                0x0000000008000b4c                setPreambleParameters
 .text.setReModemConfig
                0x0000000008000b98       0x98 ./Core/Src/SX1278.o
                0x0000000008000b98                setReModemConfig
 .text.setDetectionParametersReg
                0x0000000008000c30       0x5e ./Core/Src/SX1278.o
                0x0000000008000c30                setDetectionParametersReg
 .text.setLoRaLowFreqModeReg
                0x0000000008000c8e       0x38 ./Core/Src/SX1278.o
                0x0000000008000c8e                setLoRaLowFreqModeReg
 .text.clearIrqFlagsReg
                0x0000000008000cc6       0x26 ./Core/Src/SX1278.o
                0x0000000008000cc6                clearIrqFlagsReg
 .text.writeLoRaParametersReg
                0x0000000008000cec       0xce ./Core/Src/SX1278.o
                0x0000000008000cec                writeLoRaParametersReg
 .text.changeMode
                0x0000000008000dba       0xec ./Core/Src/SX1278.o
                0x0000000008000dba                changeMode
 *fill*         0x0000000008000ea6        0x2 
 .text.sx1278Reset
                0x0000000008000ea8       0x38 ./Core/Src/SX1278.o
                0x0000000008000ea8                sx1278Reset
 .text.waitForTxEnd
                0x0000000008000ee0       0x80 ./Core/Src/SX1278.o
                0x0000000008000ee0                waitForTxEnd
 .text.getRxFifoData
                0x0000000008000f60       0x84 ./Core/Src/SX1278.o
                0x0000000008000f60                getRxFifoData
 .text.setRxFifoAddr
                0x0000000008000fe4       0x60 ./Core/Src/SX1278.o
                0x0000000008000fe4                setRxFifoAddr
 .text.setTxFifoData
                0x0000000008001044       0x82 ./Core/Src/SX1278.o
                0x0000000008001044                setTxFifoData
 .text.transmit
                0x00000000080010c6       0x24 ./Core/Src/SX1278.o
                0x00000000080010c6                transmit
 *fill*         0x00000000080010ea        0x2 
 .text.HAL_readLoRaSettings
                0x00000000080010ec       0xe4 ./Core/Src/SX1278.o
                0x00000000080010ec                HAL_readLoRaSettings
 .text.loRaInit
                0x00000000080011d0       0xc4 ./Core/Src/SX1278.o
                0x00000000080011d0                loRaInit
 .text.configureLoRaRx
                0x0000000008001294       0x4e ./Core/Src/SX1278.o
                0x0000000008001294                configureLoRaRx
 *fill*         0x00000000080012e2        0x2 
 .text.readPage
                0x00000000080012e4       0x64 ./Core/Src/eeprom.o
                0x00000000080012e4                readPage
 .text.HAL_savePage
                0x0000000008001348       0xc0 ./Core/Src/eeprom.o
                0x0000000008001348                HAL_savePage
 .text.ledInit  0x0000000008001408       0x64 ./Core/Src/led.o
                0x0000000008001408                ledInit
 .text.led_reset
                0x000000000800146c       0x3e ./Core/Src/led.o
                0x000000000800146c                led_reset
 *fill*         0x00000000080014aa        0x2 
 .text.lm75_init
                0x00000000080014ac       0x30 ./Core/Src/lm75.o
                0x00000000080014ac                lm75_init
 .text.lm75_read
                0x00000000080014dc       0x80 ./Core/Src/lm75.o
                0x00000000080014dc                lm75_read
 .text.main     0x000000000800155c      0x178 ./Core/Src/main.o
                0x000000000800155c                main
 .text.SystemClock_Config
                0x00000000080016d4       0xb6 ./Core/Src/main.o
                0x00000000080016d4                SystemClock_Config
 *fill*         0x000000000800178a        0x2 
 .text.MX_I2C1_Init
                0x000000000800178c       0x5c ./Core/Src/main.o
 .text.MX_SPI1_Init
                0x00000000080017e8       0x6c ./Core/Src/main.o
 .text.MX_USART1_UART_Init
                0x0000000008001854       0x54 ./Core/Src/main.o
 .text.MX_USART2_UART_Init
                0x00000000080018a8       0x54 ./Core/Src/main.o
 .text.MX_USART3_UART_Init
                0x00000000080018fc       0x54 ./Core/Src/main.o
 .text.MX_GPIO_Init
                0x0000000008001950       0x98 ./Core/Src/main.o
 .text.HAL_UART_RxCpltCallback
                0x00000000080019e8       0x54 ./Core/Src/main.o
                0x00000000080019e8                HAL_UART_RxCpltCallback
 .text.executeServerCmd
                0x0000000008001a3c      0x518 ./Core/Src/main.o
                0x0000000008001a3c                executeServerCmd
 .text.clearRx  0x0000000008001f54       0x26 ./Core/Src/main.o
                0x0000000008001f54                clearRx
 *fill*         0x0000000008001f7a        0x2 
 .text.transmitRdssQuery
                0x0000000008001f7c       0x7c ./Core/Src/main.o
                0x0000000008001f7c                transmitRdssQuery
 .text.processServerCmd
                0x0000000008001ff8       0xa8 ./Core/Src/main.o
                0x0000000008001ff8                processServerCmd
 .text.processUart1Rx
                0x00000000080020a0       0xa4 ./Core/Src/main.o
                0x00000000080020a0                processUart1Rx
 .text.masterProcessRdss
                0x0000000008002144      0x248 ./Core/Src/main.o
                0x0000000008002144                masterProcessRdss
 .text.masterProcessLoRaRx
                0x000000000800238c       0xb4 ./Core/Src/main.o
                0x000000000800238c                masterProcessLoRaRx
 .text.enableKeepAliveLed
                0x0000000008002440       0x50 ./Core/Src/main.o
                0x0000000008002440                enableKeepAliveLed
 .text.configureADC
                0x0000000008002490       0x50 ./Core/Src/main.o
                0x0000000008002490                configureADC
 .text.calibrateADC
                0x00000000080024e0       0x2c ./Core/Src/main.o
                0x00000000080024e0                calibrateADC
 .text.configureGPIO
                0x000000000800250c       0x38 ./Core/Src/main.o
                0x000000000800250c                configureGPIO
 .text.startADCConversion
                0x0000000008002544       0x48 ./Core/Src/main.o
                0x0000000008002544                startADCConversion
 .text.readADCChannel
                0x000000000800258c       0x34 ./Core/Src/main.o
                0x000000000800258c                readADCChannel
 .text.updateMasterStatus
                0x00000000080025c0      0x14e ./Core/Src/main.o
                0x00000000080025c0                updateMasterStatus
 .text.Error_Handler
                0x000000000800270e        0xa ./Core/Src/main.o
                0x000000000800270e                Error_Handler
 .text.vladInit
                0x0000000008002718       0xe8 ./Core/Src/module.o
                0x0000000008002718                vladInit
 .text.serverInit
                0x0000000008002800       0x4a ./Core/Src/module.o
                0x0000000008002800                serverInit
 .text.rdssInit
                0x000000000800284a       0x30 ./Core/Src/rs485.o
                0x000000000800284a                rdssInit
 .text.rdssReinit
                0x000000000800287a       0x30 ./Core/Src/rs485.o
                0x000000000800287a                rdssReinit
 .text.checkModuleValidity
                0x00000000080028aa       0x3c ./Core/Src/rs485.o
                0x00000000080028aa                checkModuleValidity
 .text.checkFrameValidity
                0x00000000080028e6       0x40 ./Core/Src/rs485.o
                0x00000000080028e6                checkFrameValidity
 .text.checkCRCValidity
                0x0000000008002926       0x5a ./Core/Src/rs485.o
                0x0000000008002926                checkCRCValidity
 .text.crc_get  0x0000000008002980       0x7c ./Core/Src/rs485.o
                0x0000000008002980                crc_get
 .text.validate
                0x00000000080029fc       0x5e ./Core/Src/rs485.o
                0x00000000080029fc                validate
 .text.setCrc   0x0000000008002a5a       0x50 ./Core/Src/rs485.o
                0x0000000008002a5a                setCrc
 .text.setRdssStartData
                0x0000000008002aaa       0x90 ./Core/Src/rs485.o
                0x0000000008002aaa                setRdssStartData
 *fill*         0x0000000008002b3a        0x2 
 .text.freqDecode
                0x0000000008002b3c       0x64 ./Core/Src/rs485.o
                0x0000000008002b3c                freqDecode
 .text.freqEncode
                0x0000000008002ba0       0x30 ./Core/Src/rs485.o
                0x0000000008002ba0                freqEncode
 .text.updateRdss
                0x0000000008002bd0       0x48 ./Core/Src/rs485.o
                0x0000000008002bd0                updateRdss
 .text.HAL_MspInit
                0x0000000008002c18       0x64 ./Core/Src/stm32f1xx_hal_msp.o
                0x0000000008002c18                HAL_MspInit
 .text.HAL_I2C_MspInit
                0x0000000008002c7c       0x7c ./Core/Src/stm32f1xx_hal_msp.o
                0x0000000008002c7c                HAL_I2C_MspInit
 .text.HAL_SPI_MspInit
                0x0000000008002cf8       0x94 ./Core/Src/stm32f1xx_hal_msp.o
                0x0000000008002cf8                HAL_SPI_MspInit
 .text.HAL_UART_MspInit
                0x0000000008002d8c      0x190 ./Core/Src/stm32f1xx_hal_msp.o
                0x0000000008002d8c                HAL_UART_MspInit
 .text.NMI_Handler
                0x0000000008002f1c        0x6 ./Core/Src/stm32f1xx_it.o
                0x0000000008002f1c                NMI_Handler
 .text.HardFault_Handler
                0x0000000008002f22        0x6 ./Core/Src/stm32f1xx_it.o
                0x0000000008002f22                HardFault_Handler
 .text.MemManage_Handler
                0x0000000008002f28        0x6 ./Core/Src/stm32f1xx_it.o
                0x0000000008002f28                MemManage_Handler
 .text.BusFault_Handler
                0x0000000008002f2e        0x6 ./Core/Src/stm32f1xx_it.o
                0x0000000008002f2e                BusFault_Handler
 .text.UsageFault_Handler
                0x0000000008002f34        0x6 ./Core/Src/stm32f1xx_it.o
                0x0000000008002f34                UsageFault_Handler
 .text.SVC_Handler
                0x0000000008002f3a        0xc ./Core/Src/stm32f1xx_it.o
                0x0000000008002f3a                SVC_Handler
 .text.DebugMon_Handler
                0x0000000008002f46        0xc ./Core/Src/stm32f1xx_it.o
                0x0000000008002f46                DebugMon_Handler
 .text.PendSV_Handler
                0x0000000008002f52        0xc ./Core/Src/stm32f1xx_it.o
                0x0000000008002f52                PendSV_Handler
 .text.SysTick_Handler
                0x0000000008002f5e        0xc ./Core/Src/stm32f1xx_it.o
                0x0000000008002f5e                SysTick_Handler
 *fill*         0x0000000008002f6a        0x2 
 .text.USART1_IRQHandler
                0x0000000008002f6c       0x14 ./Core/Src/stm32f1xx_it.o
                0x0000000008002f6c                USART1_IRQHandler
 .text._sbrk    0x0000000008002f80       0x6c ./Core/Src/sysmem.o
                0x0000000008002f80                _sbrk
 .text.SystemInit
                0x0000000008002fec        0xc ./Core/Src/system_stm32f1xx.o
                0x0000000008002fec                SystemInit
 .text.writeTxReg
                0x0000000008002ff8       0x58 ./Core/Src/uart1.o
                0x0000000008002ff8                writeTxReg
 .text.Reset_Handler
                0x0000000008003050       0x48 ./Core/Startup/startup_stm32f103c8tx.o
                0x0000000008003050                Reset_Handler
 .text.Default_Handler
                0x0000000008003098        0x2 ./Core/Startup/startup_stm32f103c8tx.o
                0x0000000008003098                RTC_Alarm_IRQHandler
                0x0000000008003098                EXTI2_IRQHandler
                0x0000000008003098                TIM1_CC_IRQHandler
                0x0000000008003098                PVD_IRQHandler
                0x0000000008003098                EXTI3_IRQHandler
                0x0000000008003098                EXTI0_IRQHandler
                0x0000000008003098                I2C2_EV_IRQHandler
                0x0000000008003098                ADC1_2_IRQHandler
                0x0000000008003098                SPI1_IRQHandler
                0x0000000008003098                TAMPER_IRQHandler
                0x0000000008003098                DMA1_Channel4_IRQHandler
                0x0000000008003098                USART3_IRQHandler
                0x0000000008003098                RTC_IRQHandler
                0x0000000008003098                DMA1_Channel7_IRQHandler
                0x0000000008003098                CAN1_RX1_IRQHandler
                0x0000000008003098                TIM4_IRQHandler
                0x0000000008003098                I2C1_EV_IRQHandler
                0x0000000008003098                DMA1_Channel6_IRQHandler
                0x0000000008003098                TIM3_IRQHandler
                0x0000000008003098                RCC_IRQHandler
                0x0000000008003098                TIM1_TRG_COM_IRQHandler
                0x0000000008003098                DMA1_Channel1_IRQHandler
                0x0000000008003098                Default_Handler
                0x0000000008003098                EXTI15_10_IRQHandler
                0x0000000008003098                EXTI9_5_IRQHandler
                0x0000000008003098                SPI2_IRQHandler
                0x0000000008003098                DMA1_Channel5_IRQHandler
                0x0000000008003098                EXTI4_IRQHandler
                0x0000000008003098                USB_LP_CAN1_RX0_IRQHandler
                0x0000000008003098                USB_HP_CAN1_TX_IRQHandler
                0x0000000008003098                DMA1_Channel3_IRQHandler
                0x0000000008003098                TIM1_UP_IRQHandler
                0x0000000008003098                WWDG_IRQHandler
                0x0000000008003098                TIM2_IRQHandler
                0x0000000008003098                TIM1_BRK_IRQHandler
                0x0000000008003098                EXTI1_IRQHandler
                0x0000000008003098                USART2_IRQHandler
                0x0000000008003098                I2C2_ER_IRQHandler
                0x0000000008003098                DMA1_Channel2_IRQHandler
                0x0000000008003098                CAN1_SCE_IRQHandler
                0x0000000008003098                FLASH_IRQHandler
                0x0000000008003098                I2C1_ER_IRQHandler
                0x0000000008003098                USBWakeUp_IRQHandler
 *fill*         0x000000000800309a        0x2 
 .text.HAL_Init
                0x000000000800309c       0x2c ./Drivers/STM32F1xx_HAL_Driver/Src/stm32f1xx_hal.o
                0x000000000800309c                HAL_Init
 .text.HAL_InitTick
                0x00000000080030c8       0x60 ./Drivers/STM32F1xx_HAL_Driver/Src/stm32f1xx_hal.o
                0x00000000080030c8                HAL_InitTick
 .text.HAL_IncTick
                0x0000000008003128       0x24 ./Drivers/STM32F1xx_HAL_Driver/Src/stm32f1xx_hal.o
                0x0000000008003128                HAL_IncTick
 .text.HAL_GetTick
                0x000000000800314c       0x14 ./Drivers/STM32F1xx_HAL_Driver/Src/stm32f1xx_hal.o
                0x000000000800314c                HAL_GetTick
 .text.HAL_Delay
                0x0000000008003160       0x48 ./Drivers/STM32F1xx_HAL_Driver/Src/stm32f1xx_hal.o
                0x0000000008003160                HAL_Delay
 .text.__NVIC_SetPriorityGrouping
                0x00000000080031a8       0x48 ./Drivers/STM32F1xx_HAL_Driver/Src/stm32f1xx_hal_cortex.o
 .text.__NVIC_GetPriorityGrouping
                0x00000000080031f0       0x1c ./Drivers/STM32F1xx_HAL_Driver/Src/stm32f1xx_hal_cortex.o
 .text.__NVIC_EnableIRQ
                0x000000000800320c       0x38 ./Drivers/STM32F1xx_HAL_Driver/Src/stm32f1xx_hal_cortex.o
 .text.__NVIC_SetPriority
                0x0000000008003244       0x54 ./Drivers/STM32F1xx_HAL_Driver/Src/stm32f1xx_hal_cortex.o
 .text.NVIC_EncodePriority
                0x0000000008003298       0x64 ./Drivers/STM32F1xx_HAL_Driver/Src/stm32f1xx_hal_cortex.o
 .text.SysTick_Config
                0x00000000080032fc       0x44 ./Drivers/STM32F1xx_HAL_Driver/Src/stm32f1xx_hal_cortex.o
 .text.HAL_NVIC_SetPriorityGrouping
                0x0000000008003340       0x16 ./Drivers/STM32F1xx_HAL_Driver/Src/stm32f1xx_hal_cortex.o
                0x0000000008003340                HAL_NVIC_SetPriorityGrouping
 .text.HAL_NVIC_SetPriority
                0x0000000008003356       0x38 ./Drivers/STM32F1xx_HAL_Driver/Src/stm32f1xx_hal_cortex.o
                0x0000000008003356                HAL_NVIC_SetPriority
 .text.HAL_NVIC_EnableIRQ
                0x000000000800338e       0x1c ./Drivers/STM32F1xx_HAL_Driver/Src/stm32f1xx_hal_cortex.o
                0x000000000800338e                HAL_NVIC_EnableIRQ
 .text.HAL_SYSTICK_Config
                0x00000000080033aa       0x18 ./Drivers/STM32F1xx_HAL_Driver/Src/stm32f1xx_hal_cortex.o
                0x00000000080033aa                HAL_SYSTICK_Config
 .text.HAL_DMA_Abort
                0x00000000080033c2       0x76 ./Drivers/STM32F1xx_HAL_Driver/Src/stm32f1xx_hal_dma.o
                0x00000000080033c2                HAL_DMA_Abort
 .text.HAL_DMA_Abort_IT
                0x0000000008003438       0xf0 ./Drivers/STM32F1xx_HAL_Driver/Src/stm32f1xx_hal_dma.o
                0x0000000008003438                HAL_DMA_Abort_IT
 .text.HAL_GPIO_Init
                0x0000000008003528      0x308 ./Drivers/STM32F1xx_HAL_Driver/Src/stm32f1xx_hal_gpio.o
                0x0000000008003528                HAL_GPIO_Init
 .text.HAL_GPIO_ReadPin
                0x0000000008003830       0x2e ./Drivers/STM32F1xx_HAL_Driver/Src/stm32f1xx_hal_gpio.o
                0x0000000008003830                HAL_GPIO_ReadPin
 .text.HAL_GPIO_WritePin
                0x000000000800385e       0x30 ./Drivers/STM32F1xx_HAL_Driver/Src/stm32f1xx_hal_gpio.o
                0x000000000800385e                HAL_GPIO_WritePin
 *fill*         0x000000000800388e        0x2 
 .text.HAL_I2C_Init
                0x0000000008003890      0x288 ./Drivers/STM32F1xx_HAL_Driver/Src/stm32f1xx_hal_i2c.o
                0x0000000008003890                HAL_I2C_Init
 .text.HAL_I2C_Master_Transmit
                0x0000000008003b18      0x1fc ./Drivers/STM32F1xx_HAL_Driver/Src/stm32f1xx_hal_i2c.o
                0x0000000008003b18                HAL_I2C_Master_Transmit
 .text.HAL_I2C_Master_Receive
                0x0000000008003d14      0x4d8 ./Drivers/STM32F1xx_HAL_Driver/Src/stm32f1xx_hal_i2c.o
                0x0000000008003d14                HAL_I2C_Master_Receive
 .text.HAL_I2C_Mem_Write
                0x00000000080041ec      0x1f4 ./Drivers/STM32F1xx_HAL_Driver/Src/stm32f1xx_hal_i2c.o
                0x00000000080041ec                HAL_I2C_Mem_Write
 .text.HAL_I2C_Mem_Read
                0x00000000080043e0      0x4d0 ./Drivers/STM32F1xx_HAL_Driver/Src/stm32f1xx_hal_i2c.o
                0x00000000080043e0                HAL_I2C_Mem_Read
 .text.I2C_MasterRequestWrite
                0x00000000080048b0      0x104 ./Drivers/STM32F1xx_HAL_Driver/Src/stm32f1xx_hal_i2c.o
 .text.I2C_MasterRequestRead
                0x00000000080049b4      0x19c ./Drivers/STM32F1xx_HAL_Driver/Src/stm32f1xx_hal_i2c.o
 .text.I2C_RequestMemoryWrite
                0x0000000008004b50      0x12c ./Drivers/STM32F1xx_HAL_Driver/Src/stm32f1xx_hal_i2c.o
 .text.I2C_RequestMemoryRead
                0x0000000008004c7c      0x1d0 ./Drivers/STM32F1xx_HAL_Driver/Src/stm32f1xx_hal_i2c.o
 .text.I2C_WaitOnFlagUntilTimeout
                0x0000000008004e4c       0xf4 ./Drivers/STM32F1xx_HAL_Driver/Src/stm32f1xx_hal_i2c.o
 .text.I2C_WaitOnMasterAddressFlagUntilTimeout
                0x0000000008004f40      0x140 ./Drivers/STM32F1xx_HAL_Driver/Src/stm32f1xx_hal_i2c.o
 .text.I2C_WaitOnTXEFlagUntilTimeout
                0x0000000008005080       0x90 ./Drivers/STM32F1xx_HAL_Driver/Src/stm32f1xx_hal_i2c.o
 .text.I2C_WaitOnBTFFlagUntilTimeout
                0x0000000008005110       0x90 ./Drivers/STM32F1xx_HAL_Driver/Src/stm32f1xx_hal_i2c.o
 .text.I2C_WaitOnRXNEFlagUntilTimeout
                0x00000000080051a0       0xba ./Drivers/STM32F1xx_HAL_Driver/Src/stm32f1xx_hal_i2c.o
 .text.I2C_IsAcknowledgeFailed
                0x000000000800525a       0x5c ./Drivers/STM32F1xx_HAL_Driver/Src/stm32f1xx_hal_i2c.o
 *fill*         0x00000000080052b6        0x2 
 .text.HAL_RCC_OscConfig
                0x00000000080052b8      0x504 ./Drivers/STM32F1xx_HAL_Driver/Src/stm32f1xx_hal_rcc.o
                0x00000000080052b8                HAL_RCC_OscConfig
 .text.HAL_RCC_ClockConfig
                0x00000000080057bc      0x1d4 ./Drivers/STM32F1xx_HAL_Driver/Src/stm32f1xx_hal_rcc.o
                0x00000000080057bc                HAL_RCC_ClockConfig
 .text.HAL_RCC_GetSysClockFreq
                0x0000000008005990       0xa8 ./Drivers/STM32F1xx_HAL_Driver/Src/stm32f1xx_hal_rcc.o
                0x0000000008005990                HAL_RCC_GetSysClockFreq
 .text.HAL_RCC_GetHCLKFreq
                0x0000000008005a38       0x14 ./Drivers/STM32F1xx_HAL_Driver/Src/stm32f1xx_hal_rcc.o
                0x0000000008005a38                HAL_RCC_GetHCLKFreq
 .text.HAL_RCC_GetPCLK1Freq
                0x0000000008005a4c       0x28 ./Drivers/STM32F1xx_HAL_Driver/Src/stm32f1xx_hal_rcc.o
                0x0000000008005a4c                HAL_RCC_GetPCLK1Freq
 .text.HAL_RCC_GetPCLK2Freq
                0x0000000008005a74       0x28 ./Drivers/STM32F1xx_HAL_Driver/Src/stm32f1xx_hal_rcc.o
                0x0000000008005a74                HAL_RCC_GetPCLK2Freq
 .text.RCC_Delay
                0x0000000008005a9c       0x3c ./Drivers/STM32F1xx_HAL_Driver/Src/stm32f1xx_hal_rcc.o
 .text.HAL_RCCEx_PeriphCLKConfig
                0x0000000008005ad8      0x16c ./Drivers/STM32F1xx_HAL_Driver/Src/stm32f1xx_hal_rcc_ex.o
                0x0000000008005ad8                HAL_RCCEx_PeriphCLKConfig
 .text.HAL_SPI_Init
                0x0000000008005c44      0x108 ./Drivers/STM32F1xx_HAL_Driver/Src/stm32f1xx_hal_spi.o
                0x0000000008005c44                HAL_SPI_Init
 .text.HAL_SPI_Transmit
                0x0000000008005d4c      0x286 ./Drivers/STM32F1xx_HAL_Driver/Src/stm32f1xx_hal_spi.o
                0x0000000008005d4c                HAL_SPI_Transmit
 .text.HAL_SPI_Receive
                0x0000000008005fd2      0x230 ./Drivers/STM32F1xx_HAL_Driver/Src/stm32f1xx_hal_spi.o
                0x0000000008005fd2                HAL_SPI_Receive
 .text.HAL_SPI_TransmitReceive
                0x0000000008006202      0x360 ./Drivers/STM32F1xx_HAL_Driver/Src/stm32f1xx_hal_spi.o
                0x0000000008006202                HAL_SPI_TransmitReceive
 *fill*         0x0000000008006562        0x2 
 .text.SPI_WaitFlagStateUntilTimeout
                0x0000000008006564      0x110 ./Drivers/STM32F1xx_HAL_Driver/Src/stm32f1xx_hal_spi.o
 .text.SPI_EndRxTransaction
                0x0000000008006674       0xa4 ./Drivers/STM32F1xx_HAL_Driver/Src/stm32f1xx_hal_spi.o
 .text.SPI_EndRxTxTransaction
                0x0000000008006718       0x3c ./Drivers/STM32F1xx_HAL_Driver/Src/stm32f1xx_hal_spi.o
 .text.HAL_UART_Init
                0x0000000008006754       0xa0 ./Drivers/STM32F1xx_HAL_Driver/Src/stm32f1xx_hal_uart.o
                0x0000000008006754                HAL_UART_Init
 .text.HAL_UART_Receive_IT
                0x00000000080067f4       0x4a ./Drivers/STM32F1xx_HAL_Driver/Src/stm32f1xx_hal_uart.o
                0x00000000080067f4                HAL_UART_Receive_IT
 *fill*         0x000000000800683e        0x2 
 .text.HAL_UART_IRQHandler
                0x0000000008006840      0x524 ./Drivers/STM32F1xx_HAL_Driver/Src/stm32f1xx_hal_uart.o
                0x0000000008006840                HAL_UART_IRQHandler
 .text.HAL_UART_TxCpltCallback
                0x0000000008006d64       0x12 ./Drivers/STM32F1xx_HAL_Driver/Src/stm32f1xx_hal_uart.o
                0x0000000008006d64                HAL_UART_TxCpltCallback
 .text.HAL_UART_ErrorCallback
                0x0000000008006d76       0x12 ./Drivers/STM32F1xx_HAL_Driver/Src/stm32f1xx_hal_uart.o
                0x0000000008006d76                HAL_UART_ErrorCallback
 .text.HAL_UARTEx_RxEventCallback
                0x0000000008006d88       0x16 ./Drivers/STM32F1xx_HAL_Driver/Src/stm32f1xx_hal_uart.o
                0x0000000008006d88                HAL_UARTEx_RxEventCallback
 .text.UART_Start_Receive_IT
                0x0000000008006d9e       0x72 ./Drivers/STM32F1xx_HAL_Driver/Src/stm32f1xx_hal_uart.o
                0x0000000008006d9e                UART_Start_Receive_IT
 .text.UART_EndRxTransfer
                0x0000000008006e10       0xc4 ./Drivers/STM32F1xx_HAL_Driver/Src/stm32f1xx_hal_uart.o
 .text.UART_DMAAbortOnError
                0x0000000008006ed4       0x28 ./Drivers/STM32F1xx_HAL_Driver/Src/stm32f1xx_hal_uart.o
 .text.UART_Transmit_IT
                0x0000000008006efc       0x9e ./Drivers/STM32F1xx_HAL_Driver/Src/stm32f1xx_hal_uart.o
 .text.UART_EndTransmit_IT
                0x0000000008006f9a       0x30 ./Drivers/STM32F1xx_HAL_Driver/Src/stm32f1xx_hal_uart.o
 .text.UART_Receive_IT
                0x0000000008006fca      0x17c ./Drivers/STM32F1xx_HAL_Driver/Src/stm32f1xx_hal_uart.o
 *fill*         0x0000000008007146        0x2 
 .text.UART_SetConfig
                0x0000000008007148      0x11c ./Drivers/STM32F1xx_HAL_Driver/Src/stm32f1xx_hal_uart.o
 .text.malloc   0x0000000008007264       0x10 C:/ST/STM32CubeIDE_1.14.0/STM32CubeIDE/plugins/com.st.stm32cube.ide.mcu.externaltools.gnu-tools-for-stm32.11.3.rel1.win32_1.1.100.202309141235/tools/bin/../lib/gcc/arm-none-eabi/11.3.1/../../../../arm-none-eabi/lib/thumb/v7-m/nofp\libc_nano.a(libc_a-malloc.o)
                0x0000000008007264                malloc
 .text.free     0x0000000008007274       0x10 C:/ST/STM32CubeIDE_1.14.0/STM32CubeIDE/plugins/com.st.stm32cube.ide.mcu.externaltools.gnu-tools-for-stm32.11.3.rel1.win32_1.1.100.202309141235/tools/bin/../lib/gcc/arm-none-eabi/11.3.1/../../../../arm-none-eabi/lib/thumb/v7-m/nofp\libc_nano.a(libc_a-malloc.o)
                0x0000000008007274                free
 .text.sbrk_aligned
                0x0000000008007284       0x40 C:/ST/STM32CubeIDE_1.14.0/STM32CubeIDE/plugins/com.st.stm32cube.ide.mcu.externaltools.gnu-tools-for-stm32.11.3.rel1.win32_1.1.100.202309141235/tools/bin/../lib/gcc/arm-none-eabi/11.3.1/../../../../arm-none-eabi/lib/thumb/v7-m/nofp\libc_nano.a(libc_a-mallocr.o)
 .text._malloc_r
                0x00000000080072c4      0x100 C:/ST/STM32CubeIDE_1.14.0/STM32CubeIDE/plugins/com.st.stm32cube.ide.mcu.externaltools.gnu-tools-for-stm32.11.3.rel1.win32_1.1.100.202309141235/tools/bin/../lib/gcc/arm-none-eabi/11.3.1/../../../../arm-none-eabi/lib/thumb/v7-m/nofp\libc_nano.a(libc_a-mallocr.o)
                0x00000000080072c4                _malloc_r
 .text.__malloc_lock
                0x00000000080073c4        0xc C:/ST/STM32CubeIDE_1.14.0/STM32CubeIDE/plugins/com.st.stm32cube.ide.mcu.externaltools.gnu-tools-for-stm32.11.3.rel1.win32_1.1.100.202309141235/tools/bin/../lib/gcc/arm-none-eabi/11.3.1/../../../../arm-none-eabi/lib/thumb/v7-m/nofp\libc_nano.a(libc_a-mlock.o)
                0x00000000080073c4                __malloc_lock
 .text.__malloc_unlock
                0x00000000080073d0        0xc C:/ST/STM32CubeIDE_1.14.0/STM32CubeIDE/plugins/com.st.stm32cube.ide.mcu.externaltools.gnu-tools-for-stm32.11.3.rel1.win32_1.1.100.202309141235/tools/bin/../lib/gcc/arm-none-eabi/11.3.1/../../../../arm-none-eabi/lib/thumb/v7-m/nofp\libc_nano.a(libc_a-mlock.o)
                0x00000000080073d0                __malloc_unlock
 .text.memset   0x00000000080073dc       0x10 C:/ST/STM32CubeIDE_1.14.0/STM32CubeIDE/plugins/com.st.stm32cube.ide.mcu.externaltools.gnu-tools-for-stm32.11.3.rel1.win32_1.1.100.202309141235/tools/bin/../lib/gcc/arm-none-eabi/11.3.1/../../../../arm-none-eabi/lib/thumb/v7-m/nofp\libc_nano.a(libc_a-memset.o)
                0x00000000080073dc                memset
 .text._sbrk_r  0x00000000080073ec       0x20 C:/ST/STM32CubeIDE_1.14.0/STM32CubeIDE/plugins/com.st.stm32cube.ide.mcu.externaltools.gnu-tools-for-stm32.11.3.rel1.win32_1.1.100.202309141235/tools/bin/../lib/gcc/arm-none-eabi/11.3.1/../../../../arm-none-eabi/lib/thumb/v7-m/nofp\libc_nano.a(libc_a-sbrkr.o)
                0x00000000080073ec                _sbrk_r
 .text.__errno  0x000000000800740c        0xc C:/ST/STM32CubeIDE_1.14.0/STM32CubeIDE/plugins/com.st.stm32cube.ide.mcu.externaltools.gnu-tools-for-stm32.11.3.rel1.win32_1.1.100.202309141235/tools/bin/../lib/gcc/arm-none-eabi/11.3.1/../../../../arm-none-eabi/lib/thumb/v7-m/nofp\libc_nano.a(libc_a-errno.o)
                0x000000000800740c                __errno
 .text.__libc_init_array
                0x0000000008007418       0x48 C:/ST/STM32CubeIDE_1.14.0/STM32CubeIDE/plugins/com.st.stm32cube.ide.mcu.externaltools.gnu-tools-for-stm32.11.3.rel1.win32_1.1.100.202309141235/tools/bin/../lib/gcc/arm-none-eabi/11.3.1/../../../../arm-none-eabi/lib/thumb/v7-m/nofp\libc_nano.a(libc_a-init.o)
                0x0000000008007418                __libc_init_array
 .text.__retarget_lock_acquire_recursive
                0x0000000008007460        0x2 C:/ST/STM32CubeIDE_1.14.0/STM32CubeIDE/plugins/com.st.stm32cube.ide.mcu.externaltools.gnu-tools-for-stm32.11.3.rel1.win32_1.1.100.202309141235/tools/bin/../lib/gcc/arm-none-eabi/11.3.1/../../../../arm-none-eabi/lib/thumb/v7-m/nofp\libc_nano.a(libc_a-lock.o)
                0x0000000008007460                __retarget_lock_acquire_recursive
 .text.__retarget_lock_release_recursive
                0x0000000008007462        0x2 C:/ST/STM32CubeIDE_1.14.0/STM32CubeIDE/plugins/com.st.stm32cube.ide.mcu.externaltools.gnu-tools-for-stm32.11.3.rel1.win32_1.1.100.202309141235/tools/bin/../lib/gcc/arm-none-eabi/11.3.1/../../../../arm-none-eabi/lib/thumb/v7-m/nofp\libc_nano.a(libc_a-lock.o)
                0x0000000008007462                __retarget_lock_release_recursive
 .text._free_r  0x0000000008007464       0x90 C:/ST/STM32CubeIDE_1.14.0/STM32CubeIDE/plugins/com.st.stm32cube.ide.mcu.externaltools.gnu-tools-for-stm32.11.3.rel1.win32_1.1.100.202309141235/tools/bin/../lib/gcc/arm-none-eabi/11.3.1/../../../../arm-none-eabi/lib/thumb/v7-m/nofp\libc_nano.a(libc_a-freer.o)
                0x0000000008007464                _free_r
 *(.glue_7)
 .glue_7        0x00000000080074f4        0x0 linker stubs
 *(.glue_7t)
 .glue_7t       0x00000000080074f4        0x0 linker stubs
 *(.eh_frame)
 .eh_frame      0x00000000080074f4        0x0 C:/ST/STM32CubeIDE_1.14.0/STM32CubeIDE/plugins/com.st.stm32cube.ide.mcu.externaltools.gnu-tools-for-stm32.11.3.rel1.win32_1.1.100.202309141235/tools/bin/../lib/gcc/arm-none-eabi/11.3.1/thumb/v7-m/nofp/crtbegin.o
 *(.init)
 .init          0x00000000080074f4        0x4 C:/ST/STM32CubeIDE_1.14.0/STM32CubeIDE/plugins/com.st.stm32cube.ide.mcu.externaltools.gnu-tools-for-stm32.11.3.rel1.win32_1.1.100.202309141235/tools/bin/../lib/gcc/arm-none-eabi/11.3.1/thumb/v7-m/nofp/crti.o
                0x00000000080074f4                _init
 .init          0x00000000080074f8        0x8 C:/ST/STM32CubeIDE_1.14.0/STM32CubeIDE/plugins/com.st.stm32cube.ide.mcu.externaltools.gnu-tools-for-stm32.11.3.rel1.win32_1.1.100.202309141235/tools/bin/../lib/gcc/arm-none-eabi/11.3.1/thumb/v7-m/nofp/crtn.o
 *(.fini)
 .fini          0x0000000008007500        0x4 C:/ST/STM32CubeIDE_1.14.0/STM32CubeIDE/plugins/com.st.stm32cube.ide.mcu.externaltools.gnu-tools-for-stm32.11.3.rel1.win32_1.1.100.202309141235/tools/bin/../lib/gcc/arm-none-eabi/11.3.1/thumb/v7-m/nofp/crti.o
                0x0000000008007500                _fini
 .fini          0x0000000008007504        0x8 C:/ST/STM32CubeIDE_1.14.0/STM32CubeIDE/plugins/com.st.stm32cube.ide.mcu.externaltools.gnu-tools-for-stm32.11.3.rel1.win32_1.1.100.202309141235/tools/bin/../lib/gcc/arm-none-eabi/11.3.1/thumb/v7-m/nofp/crtn.o
                0x000000000800750c                . = ALIGN (0x4)
                0x000000000800750c                _etext = .

.vfp11_veneer   0x000000000800750c        0x0
 .vfp11_veneer  0x000000000800750c        0x0 linker stubs

.v4_bx          0x000000000800750c        0x0
 .v4_bx         0x000000000800750c        0x0 linker stubs

.iplt           0x000000000800750c        0x0
 .iplt          0x000000000800750c        0x0 C:/ST/STM32CubeIDE_1.14.0/STM32CubeIDE/plugins/com.st.stm32cube.ide.mcu.externaltools.gnu-tools-for-stm32.11.3.rel1.win32_1.1.100.202309141235/tools/bin/../lib/gcc/arm-none-eabi/11.3.1/thumb/v7-m/nofp/crtbegin.o

.rodata         0x000000000800750c       0x2c
                0x000000000800750c                . = ALIGN (0x4)
 *(.rodata)
 *(.rodata*)
 .rodata.AHBPrescTable
                0x000000000800750c       0x10 ./Core/Src/system_stm32f1xx.o
                0x000000000800750c                AHBPrescTable
 .rodata.APBPrescTable
                0x000000000800751c        0x8 ./Core/Src/system_stm32f1xx.o
                0x000000000800751c                APBPrescTable
 .rodata.aPLLMULFactorTable.1
                0x0000000008007524       0x10 ./Drivers/STM32F1xx_HAL_Driver/Src/stm32f1xx_hal_rcc.o
 .rodata.aPredivFactorTable.0
                0x0000000008007534        0x2 ./Drivers/STM32F1xx_HAL_Driver/Src/stm32f1xx_hal_rcc.o
                0x0000000008007538                . = ALIGN (0x4)
 *fill*         0x0000000008007536        0x2 

.ARM.extab      0x0000000008007538        0x0
                0x0000000008007538                . = ALIGN (0x4)
 *(.ARM.extab* .gnu.linkonce.armextab.*)
                0x0000000008007538                . = ALIGN (0x4)

.ARM            0x0000000008007538        0x8
                0x0000000008007538                . = ALIGN (0x4)
                0x0000000008007538                __exidx_start = .
 *(.ARM.exidx*)
 .ARM.exidx     0x0000000008007538        0x8 C:/ST/STM32CubeIDE_1.14.0/STM32CubeIDE/plugins/com.st.stm32cube.ide.mcu.externaltools.gnu-tools-for-stm32.11.3.rel1.win32_1.1.100.202309141235/tools/bin/../lib/gcc/arm-none-eabi/11.3.1/thumb/v7-m/nofp\libgcc.a(_udivmoddi4.o)
                0x0000000008007540                __exidx_end = .
                0x0000000008007540                . = ALIGN (0x4)

.rel.dyn        0x0000000008007540        0x0
 .rel.iplt      0x0000000008007540        0x0 C:/ST/STM32CubeIDE_1.14.0/STM32CubeIDE/plugins/com.st.stm32cube.ide.mcu.externaltools.gnu-tools-for-stm32.11.3.rel1.win32_1.1.100.202309141235/tools/bin/../lib/gcc/arm-none-eabi/11.3.1/thumb/v7-m/nofp/crtbegin.o

.preinit_array  0x0000000008007540        0x0
                0x0000000008007540                . = ALIGN (0x4)
                0x0000000008007540                PROVIDE (__preinit_array_start = .)
 *(.preinit_array*)
                0x0000000008007540                PROVIDE (__preinit_array_end = .)
                0x0000000008007540                . = ALIGN (0x4)

.init_array     0x0000000008007540        0x4
                0x0000000008007540                . = ALIGN (0x4)
                0x0000000008007540                PROVIDE (__init_array_start = .)
 *(SORT_BY_NAME(.init_array.*))
 *(.init_array*)
 .init_array    0x0000000008007540        0x4 C:/ST/STM32CubeIDE_1.14.0/STM32CubeIDE/plugins/com.st.stm32cube.ide.mcu.externaltools.gnu-tools-for-stm32.11.3.rel1.win32_1.1.100.202309141235/tools/bin/../lib/gcc/arm-none-eabi/11.3.1/thumb/v7-m/nofp/crtbegin.o
                0x0000000008007544                PROVIDE (__init_array_end = .)
                0x0000000008007544                . = ALIGN (0x4)

.fini_array     0x0000000008007544        0x4
                0x0000000008007544                . = ALIGN (0x4)
                [!provide]                        PROVIDE (__fini_array_start = .)
 *(SORT_BY_NAME(.fini_array.*))
 *(.fini_array*)
 .fini_array    0x0000000008007544        0x4 C:/ST/STM32CubeIDE_1.14.0/STM32CubeIDE/plugins/com.st.stm32cube.ide.mcu.externaltools.gnu-tools-for-stm32.11.3.rel1.win32_1.1.100.202309141235/tools/bin/../lib/gcc/arm-none-eabi/11.3.1/thumb/v7-m/nofp/crtbegin.o
                [!provide]                        PROVIDE (__fini_array_end = .)
                0x0000000008007548                . = ALIGN (0x4)
                0x0000000008007548                _sidata = LOADADDR (.data)

.data           0x0000000020000000       0x5c load address 0x0000000008007548
                0x0000000020000000                . = ALIGN (0x4)
                0x0000000020000000                _sdata = .
 *(.data)
 *(.data*)
 .data.SystemCoreClock
                0x0000000020000000        0x4 ./Core/Src/system_stm32f1xx.o
                0x0000000020000000                SystemCoreClock
 .data.uwTickPrio
                0x0000000020000004        0x4 ./Drivers/STM32F1xx_HAL_Driver/Src/stm32f1xx_hal.o
                0x0000000020000004                uwTickPrio
 .data.uwTickFreq
                0x0000000020000008        0x1 ./Drivers/STM32F1xx_HAL_Driver/Src/stm32f1xx_hal.o
                0x0000000020000008                uwTickFreq
 *fill*         0x0000000020000009        0x3 
 .data._impure_data
                0x000000002000000c       0x4c C:/ST/STM32CubeIDE_1.14.0/STM32CubeIDE/plugins/com.st.stm32cube.ide.mcu.externaltools.gnu-tools-for-stm32.11.3.rel1.win32_1.1.100.202309141235/tools/bin/../lib/gcc/arm-none-eabi/11.3.1/../../../../arm-none-eabi/lib/thumb/v7-m/nofp\libc_nano.a(libc_a-impure.o)
                0x000000002000000c                _impure_data
 .data._impure_ptr
                0x0000000020000058        0x4 C:/ST/STM32CubeIDE_1.14.0/STM32CubeIDE/plugins/com.st.stm32cube.ide.mcu.externaltools.gnu-tools-for-stm32.11.3.rel1.win32_1.1.100.202309141235/tools/bin/../lib/gcc/arm-none-eabi/11.3.1/../../../../arm-none-eabi/lib/thumb/v7-m/nofp\libc_nano.a(libc_a-impure.o)
                0x0000000020000058                _impure_ptr
 *(.RamFunc)
 *(.RamFunc*)
                0x000000002000005c                . = ALIGN (0x4)
                0x000000002000005c                _edata = .

.igot.plt       0x000000002000005c        0x0 load address 0x00000000080075a4
 .igot.plt      0x000000002000005c        0x0 C:/ST/STM32CubeIDE_1.14.0/STM32CubeIDE/plugins/com.st.stm32cube.ide.mcu.externaltools.gnu-tools-for-stm32.11.3.rel1.win32_1.1.100.202309141235/tools/bin/../lib/gcc/arm-none-eabi/11.3.1/thumb/v7-m/nofp/crtbegin.o
                0x000000002000005c                . = ALIGN (0x4)

.bss            0x000000002000005c      0x464 load address 0x00000000080075a4
                0x000000002000005c                _sbss = .
                0x000000002000005c                __bss_start__ = _sbss
 *(.bss)
 .bss           0x000000002000005c       0x1c C:/ST/STM32CubeIDE_1.14.0/STM32CubeIDE/plugins/com.st.stm32cube.ide.mcu.externaltools.gnu-tools-for-stm32.11.3.rel1.win32_1.1.100.202309141235/tools/bin/../lib/gcc/arm-none-eabi/11.3.1/thumb/v7-m/nofp/crtbegin.o
 *(.bss*)
 .bss.adcValues
                0x0000000020000078        0x6 ./Core/Src/main.o
                0x0000000020000078                adcValues
 *fill*         0x000000002000007e        0x2 
 .bss.hi2c1     0x0000000020000080       0x54 ./Core/Src/main.o
                0x0000000020000080                hi2c1
 .bss.hspi1     0x00000000200000d4       0x58 ./Core/Src/main.o
                0x00000000200000d4                hspi1
 .bss.huart1    0x000000002000012c       0x48 ./Core/Src/main.o
                0x000000002000012c                huart1
 .bss.huart2    0x0000000020000174       0x48 ./Core/Src/main.o
                0x0000000020000174                huart2
 .bss.huart3    0x00000000200001bc       0x48 ./Core/Src/main.o
                0x00000000200001bc                huart3
 .bss.uart1_ptr
                0x0000000020000204        0x4 ./Core/Src/main.o
                0x0000000020000204                uart1_ptr
 .bss.led       0x0000000020000208       0x1c ./Core/Src/main.o
                0x0000000020000208                led
 .bss.rdss      0x0000000020000224        0x4 ./Core/Src/main.o
                0x0000000020000224                rdss
 .bss.u1        0x0000000020000228      0x138 ./Core/Src/main.o
                0x0000000020000228                u1
 .bss.vlad      0x0000000020000360        0x4 ./Core/Src/main.o
                0x0000000020000360                vlad
 .bss.loRa      0x0000000020000364        0x4 ./Core/Src/main.o
                0x0000000020000364                loRa
 .bss.server    0x0000000020000368        0x4 ./Core/Src/main.o
                0x0000000020000368                server
 .bss.rxData    0x000000002000036c        0x1 ./Core/Src/main.o
                0x000000002000036c                rxData
 *fill*         0x000000002000036d        0x3 
 .bss.__sbrk_heap_end
                0x0000000020000370        0x4 ./Core/Src/sysmem.o
 .bss.uwTick    0x0000000020000374        0x4 ./Drivers/STM32F1xx_HAL_Driver/Src/stm32f1xx_hal.o
                0x0000000020000374                uwTick
 .bss.__malloc_free_list
                0x0000000020000378        0x4 C:/ST/STM32CubeIDE_1.14.0/STM32CubeIDE/plugins/com.st.stm32cube.ide.mcu.externaltools.gnu-tools-for-stm32.11.3.rel1.win32_1.1.100.202309141235/tools/bin/../lib/gcc/arm-none-eabi/11.3.1/../../../../arm-none-eabi/lib/thumb/v7-m/nofp\libc_nano.a(libc_a-mallocr.o)
                0x0000000020000378                __malloc_free_list
 .bss.__malloc_sbrk_start
                0x000000002000037c        0x4 C:/ST/STM32CubeIDE_1.14.0/STM32CubeIDE/plugins/com.st.stm32cube.ide.mcu.externaltools.gnu-tools-for-stm32.11.3.rel1.win32_1.1.100.202309141235/tools/bin/../lib/gcc/arm-none-eabi/11.3.1/../../../../arm-none-eabi/lib/thumb/v7-m/nofp\libc_nano.a(libc_a-mallocr.o)
                0x000000002000037c                __malloc_sbrk_start
 .bss.__sf      0x0000000020000380      0x138 C:/ST/STM32CubeIDE_1.14.0/STM32CubeIDE/plugins/com.st.stm32cube.ide.mcu.externaltools.gnu-tools-for-stm32.11.3.rel1.win32_1.1.100.202309141235/tools/bin/../lib/gcc/arm-none-eabi/11.3.1/../../../../arm-none-eabi/lib/thumb/v7-m/nofp\libc_nano.a(libc_a-findfp.o)
                0x0000000020000380                __sf
 .bss.errno     0x00000000200004b8        0x4 C:/ST/STM32CubeIDE_1.14.0/STM32CubeIDE/plugins/com.st.stm32cube.ide.mcu.externaltools.gnu-tools-for-stm32.11.3.rel1.win32_1.1.100.202309141235/tools/bin/../lib/gcc/arm-none-eabi/11.3.1/../../../../arm-none-eabi/lib/thumb/v7-m/nofp\libc_nano.a(libc_a-reent.o)
                0x00000000200004b8                errno
 .bss.__lock___malloc_recursive_mutex
                0x00000000200004bc        0x1 C:/ST/STM32CubeIDE_1.14.0/STM32CubeIDE/plugins/com.st.stm32cube.ide.mcu.externaltools.gnu-tools-for-stm32.11.3.rel1.win32_1.1.100.202309141235/tools/bin/../lib/gcc/arm-none-eabi/11.3.1/../../../../arm-none-eabi/lib/thumb/v7-m/nofp\libc_nano.a(libc_a-lock.o)
                0x00000000200004bc                __lock___malloc_recursive_mutex
 *(COMMON)
                0x00000000200004c0                . = ALIGN (0x4)
 *fill*         0x00000000200004bd        0x3 
                0x00000000200004c0                _ebss = .
                0x00000000200004c0                __bss_end__ = _ebss

._user_heap_stack
                0x00000000200004c0      0x600 load address 0x00000000080075a4
                0x00000000200004c0                . = ALIGN (0x8)
                [!provide]                        PROVIDE (end = .)
                0x00000000200004c0                PROVIDE (_end = .)
                0x00000000200006c0                . = (. + _Min_Heap_Size)
 *fill*         0x00000000200004c0      0x200 
                0x0000000020000ac0                . = (. + _Min_Stack_Size)
 *fill*         0x00000000200006c0      0x400 
                0x0000000020000ac0                . = ALIGN (0x8)

/DISCARD/
 libc.a(*)
 libm.a(*)
 libgcc.a(*)

.ARM.attributes
                0x0000000000000000       0x29
 *(.ARM.attributes)
 .ARM.attributes
                0x0000000000000000       0x1d C:/ST/STM32CubeIDE_1.14.0/STM32CubeIDE/plugins/com.st.stm32cube.ide.mcu.externaltools.gnu-tools-for-stm32.11.3.rel1.win32_1.1.100.202309141235/tools/bin/../lib/gcc/arm-none-eabi/11.3.1/thumb/v7-m/nofp/crti.o
 .ARM.attributes
                0x000000000000001d       0x2d C:/ST/STM32CubeIDE_1.14.0/STM32CubeIDE/plugins/com.st.stm32cube.ide.mcu.externaltools.gnu-tools-for-stm32.11.3.rel1.win32_1.1.100.202309141235/tools/bin/../lib/gcc/arm-none-eabi/11.3.1/thumb/v7-m/nofp/crtbegin.o
 .ARM.attributes
                0x000000000000004a       0x2d ./Core/Src/SX1278.o
 .ARM.attributes
                0x0000000000000077       0x2d ./Core/Src/eeprom.o
 .ARM.attributes
                0x00000000000000a4       0x2d ./Core/Src/led.o
 .ARM.attributes
                0x00000000000000d1       0x2d ./Core/Src/lm75.o
 .ARM.attributes
                0x00000000000000fe       0x2d ./Core/Src/main.o
 .ARM.attributes
                0x000000000000012b       0x2d ./Core/Src/module.o
 .ARM.attributes
                0x0000000000000158       0x2d ./Core/Src/rs485.o
 .ARM.attributes
                0x0000000000000185       0x2d ./Core/Src/stm32f1xx_hal_msp.o
 .ARM.attributes
                0x00000000000001b2       0x2d ./Core/Src/stm32f1xx_it.o
 .ARM.attributes
                0x00000000000001df       0x2d ./Core/Src/sysmem.o
 .ARM.attributes
                0x000000000000020c       0x2d ./Core/Src/system_stm32f1xx.o
 .ARM.attributes
                0x0000000000000239       0x2d ./Core/Src/uart1.o
 .ARM.attributes
                0x0000000000000266       0x21 ./Core/Startup/startup_stm32f103c8tx.o
 .ARM.attributes
                0x0000000000000287       0x2d ./Drivers/STM32F1xx_HAL_Driver/Src/stm32f1xx_hal.o
 .ARM.attributes
                0x00000000000002b4       0x2d ./Drivers/STM32F1xx_HAL_Driver/Src/stm32f1xx_hal_cortex.o
 .ARM.attributes
                0x00000000000002e1       0x2d ./Drivers/STM32F1xx_HAL_Driver/Src/stm32f1xx_hal_dma.o
 .ARM.attributes
                0x000000000000030e       0x2d ./Drivers/STM32F1xx_HAL_Driver/Src/stm32f1xx_hal_gpio.o
 .ARM.attributes
                0x000000000000033b       0x2d ./Drivers/STM32F1xx_HAL_Driver/Src/stm32f1xx_hal_i2c.o
 .ARM.attributes
                0x0000000000000368       0x2d ./Drivers/STM32F1xx_HAL_Driver/Src/stm32f1xx_hal_rcc.o
 .ARM.attributes
                0x0000000000000395       0x2d ./Drivers/STM32F1xx_HAL_Driver/Src/stm32f1xx_hal_rcc_ex.o
 .ARM.attributes
                0x00000000000003c2       0x2d ./Drivers/STM32F1xx_HAL_Driver/Src/stm32f1xx_hal_spi.o
 .ARM.attributes
                0x00000000000003ef       0x2d ./Drivers/STM32F1xx_HAL_Driver/Src/stm32f1xx_hal_uart.o
 .ARM.attributes
                0x000000000000041c       0x2d C:/ST/STM32CubeIDE_1.14.0/STM32CubeIDE/plugins/com.st.stm32cube.ide.mcu.externaltools.gnu-tools-for-stm32.11.3.rel1.win32_1.1.100.202309141235/tools/bin/../lib/gcc/arm-none-eabi/11.3.1/../../../../arm-none-eabi/lib/thumb/v7-m/nofp\libc_nano.a(libc_a-malloc.o)
 .ARM.attributes
                0x0000000000000449       0x2d C:/ST/STM32CubeIDE_1.14.0/STM32CubeIDE/plugins/com.st.stm32cube.ide.mcu.externaltools.gnu-tools-for-stm32.11.3.rel1.win32_1.1.100.202309141235/tools/bin/../lib/gcc/arm-none-eabi/11.3.1/../../../../arm-none-eabi/lib/thumb/v7-m/nofp\libc_nano.a(libc_a-mallocr.o)
 .ARM.attributes
                0x0000000000000476       0x2d C:/ST/STM32CubeIDE_1.14.0/STM32CubeIDE/plugins/com.st.stm32cube.ide.mcu.externaltools.gnu-tools-for-stm32.11.3.rel1.win32_1.1.100.202309141235/tools/bin/../lib/gcc/arm-none-eabi/11.3.1/../../../../arm-none-eabi/lib/thumb/v7-m/nofp\libc_nano.a(libc_a-mlock.o)
 .ARM.attributes
                0x00000000000004a3       0x2d C:/ST/STM32CubeIDE_1.14.0/STM32CubeIDE/plugins/com.st.stm32cube.ide.mcu.externaltools.gnu-tools-for-stm32.11.3.rel1.win32_1.1.100.202309141235/tools/bin/../lib/gcc/arm-none-eabi/11.3.1/../../../../arm-none-eabi/lib/thumb/v7-m/nofp\libc_nano.a(libc_a-findfp.o)
 .ARM.attributes
                0x00000000000004d0       0x2d C:/ST/STM32CubeIDE_1.14.0/STM32CubeIDE/plugins/com.st.stm32cube.ide.mcu.externaltools.gnu-tools-for-stm32.11.3.rel1.win32_1.1.100.202309141235/tools/bin/../lib/gcc/arm-none-eabi/11.3.1/../../../../arm-none-eabi/lib/thumb/v7-m/nofp\libc_nano.a(libc_a-memset.o)
 .ARM.attributes
                0x00000000000004fd       0x2d C:/ST/STM32CubeIDE_1.14.0/STM32CubeIDE/plugins/com.st.stm32cube.ide.mcu.externaltools.gnu-tools-for-stm32.11.3.rel1.win32_1.1.100.202309141235/tools/bin/../lib/gcc/arm-none-eabi/11.3.1/../../../../arm-none-eabi/lib/thumb/v7-m/nofp\libc_nano.a(libc_a-reent.o)
 .ARM.attributes
                0x000000000000052a       0x2d C:/ST/STM32CubeIDE_1.14.0/STM32CubeIDE/plugins/com.st.stm32cube.ide.mcu.externaltools.gnu-tools-for-stm32.11.3.rel1.win32_1.1.100.202309141235/tools/bin/../lib/gcc/arm-none-eabi/11.3.1/../../../../arm-none-eabi/lib/thumb/v7-m/nofp\libc_nano.a(libc_a-impure.o)
 .ARM.attributes
                0x0000000000000557       0x2d C:/ST/STM32CubeIDE_1.14.0/STM32CubeIDE/plugins/com.st.stm32cube.ide.mcu.externaltools.gnu-tools-for-stm32.11.3.rel1.win32_1.1.100.202309141235/tools/bin/../lib/gcc/arm-none-eabi/11.3.1/../../../../arm-none-eabi/lib/thumb/v7-m/nofp\libc_nano.a(libc_a-sbrkr.o)
 .ARM.attributes
                0x0000000000000584       0x2d C:/ST/STM32CubeIDE_1.14.0/STM32CubeIDE/plugins/com.st.stm32cube.ide.mcu.externaltools.gnu-tools-for-stm32.11.3.rel1.win32_1.1.100.202309141235/tools/bin/../lib/gcc/arm-none-eabi/11.3.1/../../../../arm-none-eabi/lib/thumb/v7-m/nofp\libc_nano.a(libc_a-errno.o)
 .ARM.attributes
                0x00000000000005b1       0x2d C:/ST/STM32CubeIDE_1.14.0/STM32CubeIDE/plugins/com.st.stm32cube.ide.mcu.externaltools.gnu-tools-for-stm32.11.3.rel1.win32_1.1.100.202309141235/tools/bin/../lib/gcc/arm-none-eabi/11.3.1/../../../../arm-none-eabi/lib/thumb/v7-m/nofp\libc_nano.a(libc_a-init.o)
 .ARM.attributes
                0x00000000000005de       0x2d C:/ST/STM32CubeIDE_1.14.0/STM32CubeIDE/plugins/com.st.stm32cube.ide.mcu.externaltools.gnu-tools-for-stm32.11.3.rel1.win32_1.1.100.202309141235/tools/bin/../lib/gcc/arm-none-eabi/11.3.1/../../../../arm-none-eabi/lib/thumb/v7-m/nofp\libc_nano.a(libc_a-lock.o)
 .ARM.attributes
                0x000000000000060b       0x2d C:/ST/STM32CubeIDE_1.14.0/STM32CubeIDE/plugins/com.st.stm32cube.ide.mcu.externaltools.gnu-tools-for-stm32.11.3.rel1.win32_1.1.100.202309141235/tools/bin/../lib/gcc/arm-none-eabi/11.3.1/../../../../arm-none-eabi/lib/thumb/v7-m/nofp\libc_nano.a(libc_a-freer.o)
 .ARM.attributes
                0x0000000000000638       0x1d C:/ST/STM32CubeIDE_1.14.0/STM32CubeIDE/plugins/com.st.stm32cube.ide.mcu.externaltools.gnu-tools-for-stm32.11.3.rel1.win32_1.1.100.202309141235/tools/bin/../lib/gcc/arm-none-eabi/11.3.1/thumb/v7-m/nofp\libgcc.a(_arm_addsubsf3.o)
 .ARM.attributes
                0x0000000000000655       0x1d C:/ST/STM32CubeIDE_1.14.0/STM32CubeIDE/plugins/com.st.stm32cube.ide.mcu.externaltools.gnu-tools-for-stm32.11.3.rel1.win32_1.1.100.202309141235/tools/bin/../lib/gcc/arm-none-eabi/11.3.1/thumb/v7-m/nofp\libgcc.a(_arm_muldivsf3.o)
 .ARM.attributes
                0x0000000000000672       0x1d C:/ST/STM32CubeIDE_1.14.0/STM32CubeIDE/plugins/com.st.stm32cube.ide.mcu.externaltools.gnu-tools-for-stm32.11.3.rel1.win32_1.1.100.202309141235/tools/bin/../lib/gcc/arm-none-eabi/11.3.1/thumb/v7-m/nofp\libgcc.a(_arm_fixsfsi.o)
 .ARM.attributes
                0x000000000000068f       0x1d C:/ST/STM32CubeIDE_1.14.0/STM32CubeIDE/plugins/com.st.stm32cube.ide.mcu.externaltools.gnu-tools-for-stm32.11.3.rel1.win32_1.1.100.202309141235/tools/bin/../lib/gcc/arm-none-eabi/11.3.1/thumb/v7-m/nofp\libgcc.a(_arm_fixunssfsi.o)
 .ARM.attributes
                0x00000000000006ac       0x1d C:/ST/STM32CubeIDE_1.14.0/STM32CubeIDE/plugins/com.st.stm32cube.ide.mcu.externaltools.gnu-tools-for-stm32.11.3.rel1.win32_1.1.100.202309141235/tools/bin/../lib/gcc/arm-none-eabi/11.3.1/thumb/v7-m/nofp\libgcc.a(_aeabi_uldivmod.o)
 .ARM.attributes
                0x00000000000006c9       0x2d C:/ST/STM32CubeIDE_1.14.0/STM32CubeIDE/plugins/com.st.stm32cube.ide.mcu.externaltools.gnu-tools-for-stm32.11.3.rel1.win32_1.1.100.202309141235/tools/bin/../lib/gcc/arm-none-eabi/11.3.1/thumb/v7-m/nofp\libgcc.a(_udivmoddi4.o)
 .ARM.attributes
                0x00000000000006f6       0x1d C:/ST/STM32CubeIDE_1.14.0/STM32CubeIDE/plugins/com.st.stm32cube.ide.mcu.externaltools.gnu-tools-for-stm32.11.3.rel1.win32_1.1.100.202309141235/tools/bin/../lib/gcc/arm-none-eabi/11.3.1/thumb/v7-m/nofp\libgcc.a(_dvmd_tls.o)
 .ARM.attributes
                0x0000000000000713       0x1d C:/ST/STM32CubeIDE_1.14.0/STM32CubeIDE/plugins/com.st.stm32cube.ide.mcu.externaltools.gnu-tools-for-stm32.11.3.rel1.win32_1.1.100.202309141235/tools/bin/../lib/gcc/arm-none-eabi/11.3.1/thumb/v7-m/nofp/crtn.o
OUTPUT(rdss_master.elf elf32-littlearm)
LOAD linker stubs
LOAD C:/ST/STM32CubeIDE_1.14.0/STM32CubeIDE/plugins/com.st.stm32cube.ide.mcu.externaltools.gnu-tools-for-stm32.11.3.rel1.win32_1.1.100.202309141235/tools/bin/../lib/gcc/arm-none-eabi/11.3.1/../../../../arm-none-eabi/lib/thumb/v7-m/nofp\libc.a
LOAD C:/ST/STM32CubeIDE_1.14.0/STM32CubeIDE/plugins/com.st.stm32cube.ide.mcu.externaltools.gnu-tools-for-stm32.11.3.rel1.win32_1.1.100.202309141235/tools/bin/../lib/gcc/arm-none-eabi/11.3.1/../../../../arm-none-eabi/lib/thumb/v7-m/nofp\libm.a
LOAD C:/ST/STM32CubeIDE_1.14.0/STM32CubeIDE/plugins/com.st.stm32cube.ide.mcu.externaltools.gnu-tools-for-stm32.11.3.rel1.win32_1.1.100.202309141235/tools/bin/../lib/gcc/arm-none-eabi/11.3.1/thumb/v7-m/nofp\libgcc.a

.comment        0x0000000000000000       0x43
 .comment       0x0000000000000000       0x43 C:/ST/STM32CubeIDE_1.14.0/STM32CubeIDE/plugins/com.st.stm32cube.ide.mcu.externaltools.gnu-tools-for-stm32.11.3.rel1.win32_1.1.100.202309141235/tools/bin/../lib/gcc/arm-none-eabi/11.3.1/thumb/v7-m/nofp/crtbegin.o
                                         0x44 (size before relaxing)
 .comment       0x0000000000000043       0x44 ./Core/Src/SX1278.o
 .comment       0x0000000000000043       0x44 ./Core/Src/eeprom.o
 .comment       0x0000000000000043       0x44 ./Core/Src/led.o
 .comment       0x0000000000000043       0x44 ./Core/Src/lm75.o
 .comment       0x0000000000000043       0x44 ./Core/Src/main.o
 .comment       0x0000000000000043       0x44 ./Core/Src/module.o
 .comment       0x0000000000000043       0x44 ./Core/Src/rs485.o
 .comment       0x0000000000000043       0x44 ./Core/Src/stm32f1xx_hal_msp.o
 .comment       0x0000000000000043       0x44 ./Core/Src/stm32f1xx_it.o
 .comment       0x0000000000000043       0x44 ./Core/Src/sysmem.o
 .comment       0x0000000000000043       0x44 ./Core/Src/system_stm32f1xx.o
 .comment       0x0000000000000043       0x44 ./Core/Src/uart1.o
 .comment       0x0000000000000043       0x44 ./Drivers/STM32F1xx_HAL_Driver/Src/stm32f1xx_hal.o
 .comment       0x0000000000000043       0x44 ./Drivers/STM32F1xx_HAL_Driver/Src/stm32f1xx_hal_cortex.o
 .comment       0x0000000000000043       0x44 ./Drivers/STM32F1xx_HAL_Driver/Src/stm32f1xx_hal_dma.o
 .comment       0x0000000000000043       0x44 ./Drivers/STM32F1xx_HAL_Driver/Src/stm32f1xx_hal_gpio.o
 .comment       0x0000000000000043       0x44 ./Drivers/STM32F1xx_HAL_Driver/Src/stm32f1xx_hal_i2c.o
 .comment       0x0000000000000043       0x44 ./Drivers/STM32F1xx_HAL_Driver/Src/stm32f1xx_hal_rcc.o
 .comment       0x0000000000000043       0x44 ./Drivers/STM32F1xx_HAL_Driver/Src/stm32f1xx_hal_rcc_ex.o
 .comment       0x0000000000000043       0x44 ./Drivers/STM32F1xx_HAL_Driver/Src/stm32f1xx_hal_spi.o
 .comment       0x0000000000000043       0x44 ./Drivers/STM32F1xx_HAL_Driver/Src/stm32f1xx_hal_uart.o

.debug_info     0x0000000000000000    0x11ee3
 .debug_info    0x0000000000000000     0x13af ./Core/Src/SX1278.o
 .debug_info    0x00000000000013af      0x92b ./Core/Src/eeprom.o
 .debug_info    0x0000000000001cda      0x1f0 ./Core/Src/led.o
 .debug_info    0x0000000000001eca      0x6b9 ./Core/Src/lm75.o
 .debug_info    0x0000000000002583     0x2a63 ./Core/Src/main.o
 .debug_info    0x0000000000004fe6      0xcc5 ./Core/Src/module.o
 .debug_info    0x0000000000005cab      0x903 ./Core/Src/rs485.o
 .debug_info    0x00000000000065ae     0x13e9 ./Core/Src/stm32f1xx_hal_msp.o
 .debug_info    0x0000000000007997      0x5eb ./Core/Src/stm32f1xx_it.o
 .debug_info    0x0000000000007f82      0x168 ./Core/Src/sysmem.o
 .debug_info    0x00000000000080ea      0x222 ./Core/Src/system_stm32f1xx.o
 .debug_info    0x000000000000830c      0x857 ./Core/Src/uart1.o
 .debug_info    0x0000000000008b63       0x23 ./Core/Startup/startup_stm32f103c8tx.o
 .debug_info    0x0000000000008b86      0x704 ./Drivers/STM32F1xx_HAL_Driver/Src/stm32f1xx_hal.o
 .debug_info    0x000000000000928a      0xa87 ./Drivers/STM32F1xx_HAL_Driver/Src/stm32f1xx_hal_cortex.o
 .debug_info    0x0000000000009d11      0x6d2 ./Drivers/STM32F1xx_HAL_Driver/Src/stm32f1xx_hal_dma.o
 .debug_info    0x000000000000a3e3      0x5ab ./Drivers/STM32F1xx_HAL_Driver/Src/stm32f1xx_hal_gpio.o
 .debug_info    0x000000000000a98e     0x2515 ./Drivers/STM32F1xx_HAL_Driver/Src/stm32f1xx_hal_i2c.o
 .debug_info    0x000000000000cea3      0x7d5 ./Drivers/STM32F1xx_HAL_Driver/Src/stm32f1xx_hal_rcc.o
 .debug_info    0x000000000000d678      0x3c0 ./Drivers/STM32F1xx_HAL_Driver/Src/stm32f1xx_hal_rcc_ex.o
 .debug_info    0x000000000000da38     0x1503 ./Drivers/STM32F1xx_HAL_Driver/Src/stm32f1xx_hal_spi.o
 .debug_info    0x000000000000ef3b     0x2fa8 ./Drivers/STM32F1xx_HAL_Driver/Src/stm32f1xx_hal_uart.o

.debug_abbrev   0x0000000000000000     0x2e9b
 .debug_abbrev  0x0000000000000000      0x351 ./Core/Src/SX1278.o
 .debug_abbrev  0x0000000000000351      0x20a ./Core/Src/eeprom.o
 .debug_abbrev  0x000000000000055b      0x129 ./Core/Src/led.o
 .debug_abbrev  0x0000000000000684      0x1aa ./Core/Src/lm75.o
 .debug_abbrev  0x000000000000082e      0x43f ./Core/Src/main.o
 .debug_abbrev  0x0000000000000c6d      0x2bb ./Core/Src/module.o
 .debug_abbrev  0x0000000000000f28      0x224 ./Core/Src/rs485.o
 .debug_abbrev  0x000000000000114c      0x228 ./Core/Src/stm32f1xx_hal_msp.o
 .debug_abbrev  0x0000000000001374      0x176 ./Core/Src/stm32f1xx_it.o
 .debug_abbrev  0x00000000000014ea       0xbc ./Core/Src/sysmem.o
 .debug_abbrev  0x00000000000015a6      0x13f ./Core/Src/system_stm32f1xx.o
 .debug_abbrev  0x00000000000016e5      0x27c ./Core/Src/uart1.o
 .debug_abbrev  0x0000000000001961       0x12 ./Core/Startup/startup_stm32f103c8tx.o
 .debug_abbrev  0x0000000000001973      0x201 ./Drivers/STM32F1xx_HAL_Driver/Src/stm32f1xx_hal.o
 .debug_abbrev  0x0000000000001b74      0x2f8 ./Drivers/STM32F1xx_HAL_Driver/Src/stm32f1xx_hal_cortex.o
 .debug_abbrev  0x0000000000001e6c      0x20b ./Drivers/STM32F1xx_HAL_Driver/Src/stm32f1xx_hal_dma.o
 .debug_abbrev  0x0000000000002077      0x1ca ./Drivers/STM32F1xx_HAL_Driver/Src/stm32f1xx_hal_gpio.o
 .debug_abbrev  0x0000000000002241      0x2a3 ./Drivers/STM32F1xx_HAL_Driver/Src/stm32f1xx_hal_i2c.o
 .debug_abbrev  0x00000000000024e4      0x2b3 ./Drivers/STM32F1xx_HAL_Driver/Src/stm32f1xx_hal_rcc.o
 .debug_abbrev  0x0000000000002797      0x188 ./Drivers/STM32F1xx_HAL_Driver/Src/stm32f1xx_hal_rcc_ex.o
 .debug_abbrev  0x000000000000291f      0x284 ./Drivers/STM32F1xx_HAL_Driver/Src/stm32f1xx_hal_spi.o
 .debug_abbrev  0x0000000000002ba3      0x2f8 ./Drivers/STM32F1xx_HAL_Driver/Src/stm32f1xx_hal_uart.o

.debug_aranges  0x0000000000000000      0xf98
 .debug_aranges
                0x0000000000000000      0x128 ./Core/Src/SX1278.o
 .debug_aranges
                0x0000000000000128       0x40 ./Core/Src/eeprom.o
 .debug_aranges
                0x0000000000000168       0x38 ./Core/Src/led.o
 .debug_aranges
                0x00000000000001a0       0x28 ./Core/Src/lm75.o
 .debug_aranges
                0x00000000000001c8      0x120 ./Core/Src/main.o
 .debug_aranges
                0x00000000000002e8       0x68 ./Core/Src/module.o
 .debug_aranges
                0x0000000000000350       0x88 ./Core/Src/rs485.o
 .debug_aranges
                0x00000000000003d8       0x70 ./Core/Src/stm32f1xx_hal_msp.o
 .debug_aranges
                0x0000000000000448       0x68 ./Core/Src/stm32f1xx_it.o
 .debug_aranges
                0x00000000000004b0       0x20 ./Core/Src/sysmem.o
 .debug_aranges
                0x00000000000004d0       0x28 ./Core/Src/system_stm32f1xx.o
 .debug_aranges
                0x00000000000004f8       0x80 ./Core/Src/uart1.o
 .debug_aranges
                0x0000000000000578       0x28 ./Core/Startup/startup_stm32f103c8tx.o
 .debug_aranges
                0x00000000000005a0       0xe0 ./Drivers/STM32F1xx_HAL_Driver/Src/stm32f1xx_hal.o
 .debug_aranges
                0x0000000000000680      0x100 ./Drivers/STM32F1xx_HAL_Driver/Src/stm32f1xx_hal_cortex.o
 .debug_aranges
                0x0000000000000780       0x80 ./Drivers/STM32F1xx_HAL_Driver/Src/stm32f1xx_hal_dma.o
 .debug_aranges
                0x0000000000000800       0x58 ./Drivers/STM32F1xx_HAL_Driver/Src/stm32f1xx_hal_gpio.o
 .debug_aranges
                0x0000000000000858      0x2a8 ./Drivers/STM32F1xx_HAL_Driver/Src/stm32f1xx_hal_i2c.o
 .debug_aranges
                0x0000000000000b00       0x90 ./Drivers/STM32F1xx_HAL_Driver/Src/stm32f1xx_hal_rcc.o
 .debug_aranges
                0x0000000000000b90       0x30 ./Drivers/STM32F1xx_HAL_Driver/Src/stm32f1xx_hal_rcc_ex.o
 .debug_aranges
                0x0000000000000bc0      0x1d0 ./Drivers/STM32F1xx_HAL_Driver/Src/stm32f1xx_hal_spi.o
 .debug_aranges
                0x0000000000000d90      0x208 ./Drivers/STM32F1xx_HAL_Driver/Src/stm32f1xx_hal_uart.o

.debug_rnglists
                0x0000000000000000      0xc19
 .debug_rnglists
                0x0000000000000000       0xe9 ./Core/Src/SX1278.o
 .debug_rnglists
                0x00000000000000e9       0x2d ./Core/Src/eeprom.o
 .debug_rnglists
                0x0000000000000116       0x25 ./Core/Src/led.o
 .debug_rnglists
                0x000000000000013b       0x1a ./Core/Src/lm75.o
 .debug_rnglists
                0x0000000000000155       0xe1 ./Core/Src/main.o
 .debug_rnglists
                0x0000000000000236       0x4d ./Core/Src/module.o
 .debug_rnglists
                0x0000000000000283       0x63 ./Core/Src/rs485.o
 .debug_rnglists
                0x00000000000002e6       0x52 ./Core/Src/stm32f1xx_hal_msp.o
 .debug_rnglists
                0x0000000000000338       0x49 ./Core/Src/stm32f1xx_it.o
 .debug_rnglists
                0x0000000000000381       0x13 ./Core/Src/sysmem.o
 .debug_rnglists
                0x0000000000000394       0x1a ./Core/Src/system_stm32f1xx.o
 .debug_rnglists
                0x00000000000003ae       0x5e ./Core/Src/uart1.o
 .debug_rnglists
                0x000000000000040c       0x19 ./Core/Startup/startup_stm32f103c8tx.o
 .debug_rnglists
                0x0000000000000425       0xa3 ./Drivers/STM32F1xx_HAL_Driver/Src/stm32f1xx_hal.o
 .debug_rnglists
                0x00000000000004c8       0xbb ./Drivers/STM32F1xx_HAL_Driver/Src/stm32f1xx_hal_cortex.o
 .debug_rnglists
                0x0000000000000583       0x64 ./Drivers/STM32F1xx_HAL_Driver/Src/stm32f1xx_hal_dma.o
 .debug_rnglists
                0x00000000000005e7       0x3f ./Drivers/STM32F1xx_HAL_Driver/Src/stm32f1xx_hal_gpio.o
 .debug_rnglists
                0x0000000000000626      0x23c ./Drivers/STM32F1xx_HAL_Driver/Src/stm32f1xx_hal_i2c.o
 .debug_rnglists
                0x0000000000000862       0x6c ./Drivers/STM32F1xx_HAL_Driver/Src/stm32f1xx_hal_rcc.o
 .debug_rnglists
                0x00000000000008ce       0x21 ./Drivers/STM32F1xx_HAL_Driver/Src/stm32f1xx_hal_rcc_ex.o
 .debug_rnglists
                0x00000000000008ef      0x16e ./Drivers/STM32F1xx_HAL_Driver/Src/stm32f1xx_hal_spi.o
 .debug_rnglists
                0x0000000000000a5d      0x1bc ./Drivers/STM32F1xx_HAL_Driver/Src/stm32f1xx_hal_uart.o

.debug_macro    0x0000000000000000    0x19eb1
 .debug_macro   0x0000000000000000      0x302 ./Core/Src/SX1278.o
 .debug_macro   0x0000000000000302      0xa9c ./Core/Src/SX1278.o
 .debug_macro   0x0000000000000d9e       0x22 ./Core/Src/SX1278.o
 .debug_macro   0x0000000000000dc0       0x8e ./Core/Src/SX1278.o
 .debug_macro   0x0000000000000e4e       0x51 ./Core/Src/SX1278.o
 .debug_macro   0x0000000000000e9f      0x103 ./Core/Src/SX1278.o
 .debug_macro   0x0000000000000fa2       0x6a ./Core/Src/SX1278.o
 .debug_macro   0x000000000000100c      0x1df ./Core/Src/SX1278.o
 .debug_macro   0x00000000000011eb       0x22 ./Core/Src/SX1278.o
 .debug_macro   0x000000000000120d       0x61 ./Core/Src/SX1278.o
 .debug_macro   0x000000000000126e       0x24 ./Core/Src/SX1278.o
 .debug_macro   0x0000000000001292       0x43 ./Core/Src/SX1278.o
 .debug_macro   0x00000000000012d5       0x34 ./Core/Src/SX1278.o
 .debug_macro   0x0000000000001309      0x174 ./Core/Src/SX1278.o
 .debug_macro   0x000000000000147d       0x16 ./Core/Src/SX1278.o
 .debug_macro   0x0000000000001493       0x43 ./Core/Src/SX1278.o
 .debug_macro   0x00000000000014d6       0x34 ./Core/Src/SX1278.o
 .debug_macro   0x000000000000150a       0x10 ./Core/Src/SX1278.o
 .debug_macro   0x000000000000151a       0x58 ./Core/Src/SX1278.o
 .debug_macro   0x0000000000001572       0x8e ./Core/Src/SX1278.o
 .debug_macro   0x0000000000001600       0x1c ./Core/Src/SX1278.o
 .debug_macro   0x000000000000161c      0x177 ./Core/Src/SX1278.o
 .debug_macro   0x0000000000001793      0x369 ./Core/Src/SX1278.o
 .debug_macro   0x0000000000001afc       0x10 ./Core/Src/SX1278.o
 .debug_macro   0x0000000000001b0c       0x35 ./Core/Src/SX1278.o
 .debug_macro   0x0000000000001b41       0x20 ./Core/Src/SX1278.o
 .debug_macro   0x0000000000001b61       0x16 ./Core/Src/SX1278.o
 .debug_macro   0x0000000000001b77       0x16 ./Core/Src/SX1278.o
 .debug_macro   0x0000000000001b8d       0x29 ./Core/Src/SX1278.o
 .debug_macro   0x0000000000001bb6      0x233 ./Core/Src/SX1278.o
 .debug_macro   0x0000000000001de9       0x2e ./Core/Src/SX1278.o
 .debug_macro   0x0000000000001e17       0x22 ./Core/Src/SX1278.o
 .debug_macro   0x0000000000001e39       0x1c ./Core/Src/SX1278.o
 .debug_macro   0x0000000000001e55       0x22 ./Core/Src/SX1278.o
 .debug_macro   0x0000000000001e77       0xbd ./Core/Src/SX1278.o
 .debug_macro   0x0000000000001f34      0xd23 ./Core/Src/SX1278.o
 .debug_macro   0x0000000000002c57     0xe09e ./Core/Src/SX1278.o
 .debug_macro   0x0000000000010cf5       0x6d ./Core/Src/SX1278.o
 .debug_macro   0x0000000000010d62     0x348d ./Core/Src/SX1278.o
 .debug_macro   0x00000000000141ef       0x56 ./Core/Src/SX1278.o
 .debug_macro   0x0000000000014245      0x5bc ./Core/Src/SX1278.o
 .debug_macro   0x0000000000014801      0x289 ./Core/Src/SX1278.o
 .debug_macro   0x0000000000014a8a      0x1cb ./Core/Src/SX1278.o
 .debug_macro   0x0000000000014c55      0x114 ./Core/Src/SX1278.o
 .debug_macro   0x0000000000014d69      0x1b2 ./Core/Src/SX1278.o
 .debug_macro   0x0000000000014f1b       0x27 ./Core/Src/SX1278.o
 .debug_macro   0x0000000000014f42      0x136 ./Core/Src/SX1278.o
 .debug_macro   0x0000000000015078      0x1bc ./Core/Src/SX1278.o
 .debug_macro   0x0000000000015234       0x34 ./Core/Src/SX1278.o
 .debug_macro   0x0000000000015268       0x3c ./Core/Src/SX1278.o
 .debug_macro   0x00000000000152a4       0x57 ./Core/Src/SX1278.o
 .debug_macro   0x00000000000152fb      0x46a ./Core/Src/SX1278.o
 .debug_macro   0x0000000000015765      0x1b5 ./Core/Src/SX1278.o
 .debug_macro   0x000000000001591a       0x22 ./Core/Src/SX1278.o
 .debug_macro   0x000000000001593c       0x87 ./Core/Src/SX1278.o
 .debug_macro   0x00000000000159c3      0x240 ./Core/Src/SX1278.o
 .debug_macro   0x0000000000015c03      0x287 ./Core/Src/SX1278.o
 .debug_macro   0x0000000000015e8a       0x78 ./Core/Src/SX1278.o
 .debug_macro   0x0000000000015f02      0x140 ./Core/Src/SX1278.o
 .debug_macro   0x0000000000016042      0x217 ./Core/Src/SX1278.o
 .debug_macro   0x0000000000016259      0x28e ./Core/Src/SX1278.o
 .debug_macro   0x00000000000164e7       0x83 ./Core/Src/SX1278.o
 .debug_macro   0x000000000001656a       0xac ./Core/Src/SX1278.o
 .debug_macro   0x0000000000016616       0xb2 ./Core/Src/SX1278.o
 .debug_macro   0x00000000000166c8      0x496 ./Core/Src/SX1278.o
 .debug_macro   0x0000000000016b5e      0x2bf ./Core/Src/eeprom.o
 .debug_macro   0x0000000000016e1d       0x5c ./Core/Src/eeprom.o
 .debug_macro   0x0000000000016e79      0x1e8 ./Core/Src/led.o
 .debug_macro   0x0000000000017061       0x46 ./Core/Src/led.o
 .debug_macro   0x00000000000170a7      0x1e8 ./Core/Src/lm75.o
 .debug_macro   0x000000000001728f       0x10 ./Core/Src/lm75.o
 .debug_macro   0x000000000001729f      0x3ed ./Core/Src/main.o
 .debug_macro   0x000000000001768c      0x19b ./Core/Src/main.o
 .debug_macro   0x0000000000017827       0x16 ./Core/Src/main.o
 .debug_macro   0x000000000001783d       0x88 ./Core/Src/main.o
 .debug_macro   0x00000000000178c5       0x16 ./Core/Src/main.o
 .debug_macro   0x00000000000178db       0x1c ./Core/Src/main.o
 .debug_macro   0x00000000000178f7       0x10 ./Core/Src/main.o
 .debug_macro   0x0000000000017907       0x1c ./Core/Src/main.o
 .debug_macro   0x0000000000017923       0x16 ./Core/Src/main.o
 .debug_macro   0x0000000000017939      0x147 ./Core/Src/main.o
 .debug_macro   0x0000000000017a80       0x46 ./Core/Src/main.o
 .debug_macro   0x0000000000017ac6       0x16 ./Core/Src/main.o
 .debug_macro   0x0000000000017adc       0xb8 ./Core/Src/main.o
 .debug_macro   0x0000000000017b94      0x309 ./Core/Src/module.o
 .debug_macro   0x0000000000017e9d      0x35f ./Core/Src/rs485.o
 .debug_macro   0x00000000000181fc      0x1d9 ./Core/Src/stm32f1xx_hal_msp.o
 .debug_macro   0x00000000000183d5      0x1e3 ./Core/Src/stm32f1xx_it.o
 .debug_macro   0x00000000000185b8       0xff ./Core/Src/sysmem.o
 .debug_macro   0x00000000000186b7      0x23c ./Core/Src/sysmem.o
 .debug_macro   0x00000000000188f3      0x1ca ./Core/Src/system_stm32f1xx.o
 .debug_macro   0x0000000000018abd      0x2e2 ./Core/Src/uart1.o
 .debug_macro   0x0000000000018d9f      0x1ee ./Drivers/STM32F1xx_HAL_Driver/Src/stm32f1xx_hal.o
 .debug_macro   0x0000000000018f8d      0x1ca ./Drivers/STM32F1xx_HAL_Driver/Src/stm32f1xx_hal_cortex.o
 .debug_macro   0x0000000000019157      0x1ca ./Drivers/STM32F1xx_HAL_Driver/Src/stm32f1xx_hal_dma.o
 .debug_macro   0x0000000000019321      0x235 ./Drivers/STM32F1xx_HAL_Driver/Src/stm32f1xx_hal_gpio.o
 .debug_macro   0x0000000000019556      0x218 ./Drivers/STM32F1xx_HAL_Driver/Src/stm32f1xx_hal_i2c.o
 .debug_macro   0x000000000001976e      0x1dc ./Drivers/STM32F1xx_HAL_Driver/Src/stm32f1xx_hal_rcc.o
 .debug_macro   0x000000000001994a      0x1ca ./Drivers/STM32F1xx_HAL_Driver/Src/stm32f1xx_hal_rcc_ex.o
 .debug_macro   0x0000000000019b14      0x1d2 ./Drivers/STM32F1xx_HAL_Driver/Src/stm32f1xx_hal_spi.o
 .debug_macro   0x0000000000019ce6      0x1cb ./Drivers/STM32F1xx_HAL_Driver/Src/stm32f1xx_hal_uart.o

.debug_line     0x0000000000000000    0x14f14
 .debug_line    0x0000000000000000     0x1149 ./Core/Src/SX1278.o
 .debug_line    0x0000000000001149      0xa35 ./Core/Src/eeprom.o
 .debug_line    0x0000000000001b7e      0x7d6 ./Core/Src/led.o
 .debug_line    0x0000000000002354      0x79f ./Core/Src/lm75.o
 .debug_line    0x0000000000002af3     0x17d0 ./Core/Src/main.o
 .debug_line    0x00000000000042c3      0xca2 ./Core/Src/module.o
 .debug_line    0x0000000000004f65      0xcc6 ./Core/Src/rs485.o
 .debug_line    0x0000000000005c2b      0x944 ./Core/Src/stm32f1xx_hal_msp.o
 .debug_line    0x000000000000656f      0x83c ./Core/Src/stm32f1xx_it.o
 .debug_line    0x0000000000006dab      0x583 ./Core/Src/sysmem.o
 .debug_line    0x000000000000732e      0x7e0 ./Core/Src/system_stm32f1xx.o
 .debug_line    0x0000000000007b0e      0xbc4 ./Core/Src/uart1.o
 .debug_line    0x00000000000086d2       0x79 ./Core/Startup/startup_stm32f103c8tx.o
 .debug_line    0x000000000000874b      0xa0d ./Drivers/STM32F1xx_HAL_Driver/Src/stm32f1xx_hal.o
 .debug_line    0x0000000000009158      0xbf5 ./Drivers/STM32F1xx_HAL_Driver/Src/stm32f1xx_hal_cortex.o
 .debug_line    0x0000000000009d4d      0xe66 ./Drivers/STM32F1xx_HAL_Driver/Src/stm32f1xx_hal_dma.o
 .debug_line    0x000000000000abb3      0xaa6 ./Drivers/STM32F1xx_HAL_Driver/Src/stm32f1xx_hal_gpio.o
 .debug_line    0x000000000000b659     0x3b84 ./Drivers/STM32F1xx_HAL_Driver/Src/stm32f1xx_hal_i2c.o
 .debug_line    0x000000000000f1dd      0xe16 ./Drivers/STM32F1xx_HAL_Driver/Src/stm32f1xx_hal_rcc.o
 .debug_line    0x000000000000fff3      0x951 ./Drivers/STM32F1xx_HAL_Driver/Src/stm32f1xx_hal_rcc_ex.o
 .debug_line    0x0000000000010944     0x1c95 ./Drivers/STM32F1xx_HAL_Driver/Src/stm32f1xx_hal_spi.o
 .debug_line    0x00000000000125d9     0x293b ./Drivers/STM32F1xx_HAL_Driver/Src/stm32f1xx_hal_uart.o

.debug_str      0x0000000000000000    0x8ee8e
 .debug_str     0x0000000000000000    0x8932d ./Core/Src/SX1278.o
                                      0x897ad (size before relaxing)
 .debug_str     0x000000000008932d      0x307 ./Core/Src/eeprom.o
                                      0x881fe (size before relaxing)
 .debug_str     0x0000000000089634      0x23a ./Core/Src/led.o
                                      0x84a73 (size before relaxing)
 .debug_str     0x000000000008986e       0xb9 ./Core/Src/lm75.o
                                      0x84d8f (size before relaxing)
 .debug_str     0x0000000000089927     0x265e ./Core/Src/main.o
                                      0x8c1e5 (size before relaxing)
 .debug_str     0x000000000008bf85      0x230 ./Core/Src/module.o
                                      0x890c0 (size before relaxing)
 .debug_str     0x000000000008c1b5      0x16f ./Core/Src/rs485.o
                                      0x896d9 (size before relaxing)
 .debug_str     0x000000000008c324      0x12a ./Core/Src/stm32f1xx_hal_msp.o
                                      0x856b6 (size before relaxing)
 .debug_str     0x000000000008c44e       0xef ./Core/Src/stm32f1xx_it.o
                                      0x84d06 (size before relaxing)
 .debug_str     0x000000000008c53d      0x4dc ./Core/Src/sysmem.o
                                       0x5ffe (size before relaxing)
 .debug_str     0x000000000008ca19       0x7e ./Core/Src/system_stm32f1xx.o
                                      0x84625 (size before relaxing)
 .debug_str     0x000000000008ca97       0xae ./Core/Src/uart1.o
                                      0x87d58 (size before relaxing)
 .debug_str     0x000000000008cb45       0x34 ./Core/Startup/startup_stm32f103c8tx.o
                                         0x68 (size before relaxing)
 .debug_str     0x000000000008cb79      0x36e ./Drivers/STM32F1xx_HAL_Driver/Src/stm32f1xx_hal.o
                                      0x84d58 (size before relaxing)
 .debug_str     0x000000000008cee7      0x231 ./Drivers/STM32F1xx_HAL_Driver/Src/stm32f1xx_hal_cortex.o
                                      0x84ca4 (size before relaxing)
 .debug_str     0x000000000008d118      0x23a ./Drivers/STM32F1xx_HAL_Driver/Src/stm32f1xx_hal_dma.o
                                      0x849ce (size before relaxing)
 .debug_str     0x000000000008d352      0x2d0 ./Drivers/STM32F1xx_HAL_Driver/Src/stm32f1xx_hal_gpio.o
                                      0x849ab (size before relaxing)
 .debug_str     0x000000000008d622      0xb3f ./Drivers/STM32F1xx_HAL_Driver/Src/stm32f1xx_hal_i2c.o
                                      0x856ec (size before relaxing)
 .debug_str     0x000000000008e161      0x209 ./Drivers/STM32F1xx_HAL_Driver/Src/stm32f1xx_hal_rcc.o
                                      0x84a54 (size before relaxing)
 .debug_str     0x000000000008e36a       0x95 ./Drivers/STM32F1xx_HAL_Driver/Src/stm32f1xx_hal_rcc_ex.o
                                      0x847a4 (size before relaxing)
 .debug_str     0x000000000008e3ff      0x4d2 ./Drivers/STM32F1xx_HAL_Driver/Src/stm32f1xx_hal_spi.o
                                      0x84f51 (size before relaxing)
 .debug_str     0x000000000008e8d1      0x5bd ./Drivers/STM32F1xx_HAL_Driver/Src/stm32f1xx_hal_uart.o
                                      0x850c5 (size before relaxing)

.debug_frame    0x0000000000000000     0x440c
 .debug_frame   0x0000000000000000      0x4d8 ./Core/Src/SX1278.o
 .debug_frame   0x00000000000004d8       0xc8 ./Core/Src/eeprom.o
 .debug_frame   0x00000000000005a0       0x9c ./Core/Src/led.o
 .debug_frame   0x000000000000063c       0x58 ./Core/Src/lm75.o
 .debug_frame   0x0000000000000694      0x484 ./Core/Src/main.o
 .debug_frame   0x0000000000000b18      0x180 ./Core/Src/module.o
 .debug_frame   0x0000000000000c98      0x220 ./Core/Src/rs485.o
 .debug_frame   0x0000000000000eb8      0x1a8 ./Core/Src/stm32f1xx_hal_msp.o
 .debug_frame   0x0000000000001060      0x120 ./Core/Src/stm32f1xx_it.o
 .debug_frame   0x0000000000001180       0x34 ./Core/Src/sysmem.o
 .debug_frame   0x00000000000011b4       0x58 ./Core/Src/system_stm32f1xx.o
 .debug_frame   0x000000000000120c      0x1f4 ./Core/Src/uart1.o
 .debug_frame   0x0000000000001400      0x334 ./Drivers/STM32F1xx_HAL_Driver/Src/stm32f1xx_hal.o
 .debug_frame   0x0000000000001734      0x428 ./Drivers/STM32F1xx_HAL_Driver/Src/stm32f1xx_hal_cortex.o
 .debug_frame   0x0000000000001b5c      0x208 ./Drivers/STM32F1xx_HAL_Driver/Src/stm32f1xx_hal_dma.o
 .debug_frame   0x0000000000001d64      0x14c ./Drivers/STM32F1xx_HAL_Driver/Src/stm32f1xx_hal_gpio.o
 .debug_frame   0x0000000000001eb0      0xc84 ./Drivers/STM32F1xx_HAL_Driver/Src/stm32f1xx_hal_i2c.o
 .debug_frame   0x0000000000002b34      0x218 ./Drivers/STM32F1xx_HAL_Driver/Src/stm32f1xx_hal_rcc.o
 .debug_frame   0x0000000000002d4c       0x80 ./Drivers/STM32F1xx_HAL_Driver/Src/stm32f1xx_hal_rcc_ex.o
 .debug_frame   0x0000000000002dcc      0x824 ./Drivers/STM32F1xx_HAL_Driver/Src/stm32f1xx_hal_spi.o
 .debug_frame   0x00000000000035f0      0x944 ./Drivers/STM32F1xx_HAL_Driver/Src/stm32f1xx_hal_uart.o
 .debug_frame   0x0000000000003f34       0x30 C:/ST/STM32CubeIDE_1.14.0/STM32CubeIDE/plugins/com.st.stm32cube.ide.mcu.externaltools.gnu-tools-for-stm32.11.3.rel1.win32_1.1.100.202309141235/tools/bin/../lib/gcc/arm-none-eabi/11.3.1/../../../../arm-none-eabi/lib/thumb/v7-m/nofp\libc_nano.a(libc_a-malloc.o)
 .debug_frame   0x0000000000003f64       0x50 C:/ST/STM32CubeIDE_1.14.0/STM32CubeIDE/plugins/com.st.stm32cube.ide.mcu.externaltools.gnu-tools-for-stm32.11.3.rel1.win32_1.1.100.202309141235/tools/bin/../lib/gcc/arm-none-eabi/11.3.1/../../../../arm-none-eabi/lib/thumb/v7-m/nofp\libc_nano.a(libc_a-mallocr.o)
 .debug_frame   0x0000000000003fb4       0x30 C:/ST/STM32CubeIDE_1.14.0/STM32CubeIDE/plugins/com.st.stm32cube.ide.mcu.externaltools.gnu-tools-for-stm32.11.3.rel1.win32_1.1.100.202309141235/tools/bin/../lib/gcc/arm-none-eabi/11.3.1/../../../../arm-none-eabi/lib/thumb/v7-m/nofp\libc_nano.a(libc_a-mlock.o)
 .debug_frame   0x0000000000003fe4      0x144 C:/ST/STM32CubeIDE_1.14.0/STM32CubeIDE/plugins/com.st.stm32cube.ide.mcu.externaltools.gnu-tools-for-stm32.11.3.rel1.win32_1.1.100.202309141235/tools/bin/../lib/gcc/arm-none-eabi/11.3.1/../../../../arm-none-eabi/lib/thumb/v7-m/nofp\libc_nano.a(libc_a-findfp.o)
 .debug_frame   0x0000000000004128       0x20 C:/ST/STM32CubeIDE_1.14.0/STM32CubeIDE/plugins/com.st.stm32cube.ide.mcu.externaltools.gnu-tools-for-stm32.11.3.rel1.win32_1.1.100.202309141235/tools/bin/../lib/gcc/arm-none-eabi/11.3.1/../../../../arm-none-eabi/lib/thumb/v7-m/nofp\libc_nano.a(libc_a-memset.o)
 .debug_frame   0x0000000000004148       0x38 C:/ST/STM32CubeIDE_1.14.0/STM32CubeIDE/plugins/com.st.stm32cube.ide.mcu.externaltools.gnu-tools-for-stm32.11.3.rel1.win32_1.1.100.202309141235/tools/bin/../lib/gcc/arm-none-eabi/11.3.1/../../../../arm-none-eabi/lib/thumb/v7-m/nofp\libc_nano.a(libc_a-reent.o)
 .debug_frame   0x0000000000004180       0x2c C:/ST/STM32CubeIDE_1.14.0/STM32CubeIDE/plugins/com.st.stm32cube.ide.mcu.externaltools.gnu-tools-for-stm32.11.3.rel1.win32_1.1.100.202309141235/tools/bin/../lib/gcc/arm-none-eabi/11.3.1/../../../../arm-none-eabi/lib/thumb/v7-m/nofp\libc_nano.a(libc_a-sbrkr.o)
 .debug_frame   0x00000000000041ac       0x20 C:/ST/STM32CubeIDE_1.14.0/STM32CubeIDE/plugins/com.st.stm32cube.ide.mcu.externaltools.gnu-tools-for-stm32.11.3.rel1.win32_1.1.100.202309141235/tools/bin/../lib/gcc/arm-none-eabi/11.3.1/../../../../arm-none-eabi/lib/thumb/v7-m/nofp\libc_nano.a(libc_a-errno.o)
 .debug_frame   0x00000000000041cc       0x2c C:/ST/STM32CubeIDE_1.14.0/STM32CubeIDE/plugins/com.st.stm32cube.ide.mcu.externaltools.gnu-tools-for-stm32.11.3.rel1.win32_1.1.100.202309141235/tools/bin/../lib/gcc/arm-none-eabi/11.3.1/../../../../arm-none-eabi/lib/thumb/v7-m/nofp\libc_nano.a(libc_a-init.o)
 .debug_frame   0x00000000000041f8       0xb0 C:/ST/STM32CubeIDE_1.14.0/STM32CubeIDE/plugins/com.st.stm32cube.ide.mcu.externaltools.gnu-tools-for-stm32.11.3.rel1.win32_1.1.100.202309141235/tools/bin/../lib/gcc/arm-none-eabi/11.3.1/../../../../arm-none-eabi/lib/thumb/v7-m/nofp\libc_nano.a(libc_a-lock.o)
 .debug_frame   0x00000000000042a8       0x38 C:/ST/STM32CubeIDE_1.14.0/STM32CubeIDE/plugins/com.st.stm32cube.ide.mcu.externaltools.gnu-tools-for-stm32.11.3.rel1.win32_1.1.100.202309141235/tools/bin/../lib/gcc/arm-none-eabi/11.3.1/../../../../arm-none-eabi/lib/thumb/v7-m/nofp\libc_nano.a(libc_a-freer.o)
 .debug_frame   0x00000000000042e0       0x4c C:/ST/STM32CubeIDE_1.14.0/STM32CubeIDE/plugins/com.st.stm32cube.ide.mcu.externaltools.gnu-tools-for-stm32.11.3.rel1.win32_1.1.100.202309141235/tools/bin/../lib/gcc/arm-none-eabi/11.3.1/thumb/v7-m/nofp\libgcc.a(_arm_addsubsf3.o)
 .debug_frame   0x000000000000432c       0x38 C:/ST/STM32CubeIDE_1.14.0/STM32CubeIDE/plugins/com.st.stm32cube.ide.mcu.externaltools.gnu-tools-for-stm32.11.3.rel1.win32_1.1.100.202309141235/tools/bin/../lib/gcc/arm-none-eabi/11.3.1/thumb/v7-m/nofp\libgcc.a(_arm_muldivsf3.o)
 .debug_frame   0x0000000000004364       0x24 C:/ST/STM32CubeIDE_1.14.0/STM32CubeIDE/plugins/com.st.stm32cube.ide.mcu.externaltools.gnu-tools-for-stm32.11.3.rel1.win32_1.1.100.202309141235/tools/bin/../lib/gcc/arm-none-eabi/11.3.1/thumb/v7-m/nofp\libgcc.a(_arm_fixsfsi.o)
 .debug_frame   0x0000000000004388       0x24 C:/ST/STM32CubeIDE_1.14.0/STM32CubeIDE/plugins/com.st.stm32cube.ide.mcu.externaltools.gnu-tools-for-stm32.11.3.rel1.win32_1.1.100.202309141235/tools/bin/../lib/gcc/arm-none-eabi/11.3.1/thumb/v7-m/nofp\libgcc.a(_arm_fixunssfsi.o)
 .debug_frame   0x00000000000043ac       0x2c C:/ST/STM32CubeIDE_1.14.0/STM32CubeIDE/plugins/com.st.stm32cube.ide.mcu.externaltools.gnu-tools-for-stm32.11.3.rel1.win32_1.1.100.202309141235/tools/bin/../lib/gcc/arm-none-eabi/11.3.1/thumb/v7-m/nofp\libgcc.a(_aeabi_uldivmod.o)
 .debug_frame   0x00000000000043d8       0x34 C:/ST/STM32CubeIDE_1.14.0/STM32CubeIDE/plugins/com.st.stm32cube.ide.mcu.externaltools.gnu-tools-for-stm32.11.3.rel1.win32_1.1.100.202309141235/tools/bin/../lib/gcc/arm-none-eabi/11.3.1/thumb/v7-m/nofp\libgcc.a(_udivmoddi4.o)

.debug_line_str
                0x0000000000000000       0x5c
 .debug_line_str
                0x0000000000000000       0x5c ./Core/Startup/startup_stm32f103c8tx.o
                                         0x74 (size before relaxing)